<?xml version="1.0" encoding="ISO-8859-1" ?>
<link_info>
   <banner>TI ARM Linker PC v20.2.5.LTS</banner>
   <copyright>Copyright (c) 1996-2018 Texas Instruments Incorporated</copyright>
   <link_time>0x617d3c03</link_time>
   <link_errors>0x0</link_errors>
   <output_file>pwmled2_CC3220S_LAUNCHXL_nortos_ccs.out</output_file>
   <entry_point>
      <name>resetISR</name>
      <address>0x2000e4f5</address>
   </entry_point>
   <input_file_list>
      <input_file id="fl-2">
         <path>.\</path>
         <kind>object</kind>
         <file>main_nortos.obj</file>
         <name>main_nortos.obj</name>
      </input_file>
      <input_file id="fl-3">
         <path>.\</path>
         <kind>object</kind>
         <file>pwmled2.obj</file>
         <name>pwmled2.obj</name>
      </input_file>
      <input_file id="fl-4">
         <path>.\syscfg\</path>
         <kind>object</kind>
         <file>ti_drivers_config.obj</file>
         <name>ti_drivers_config.obj</name>
      </input_file>
      <input_file id="fl-d">
         <kind>object</kind>
         <file>&lt;internal&gt;</file>
         <name>&lt;internal&gt;</name>
      </input_file>
      <input_file id="fl-e">
         <path>D:\ccs\utils\simplelink_cc32xx_sdk_5_20_00_06\source\ti\drivers\lib\ccs\m4\</path>
         <kind>archive</kind>
         <file>drivers_cc32xx.a</file>
         <name>PWM.oem4</name>
      </input_file>
      <input_file id="fl-f">
         <path>D:\ccs\utils\simplelink_cc32xx_sdk_5_20_00_06\source\ti\drivers\lib\ccs\m4\</path>
         <kind>archive</kind>
         <file>drivers_cc32xx.a</file>
         <name>PowerCC32XX.oem4</name>
      </input_file>
      <input_file id="fl-10">
         <path>D:\ccs\utils\simplelink_cc32xx_sdk_5_20_00_06\source\ti\drivers\lib\ccs\m4\</path>
         <kind>archive</kind>
         <file>drivers_cc32xx.a</file>
         <name>PowerCC32XX_asm.oem4</name>
      </input_file>
      <input_file id="fl-11">
         <path>D:\ccs\utils\simplelink_cc32xx_sdk_5_20_00_06\source\ti\drivers\lib\ccs\m4\</path>
         <kind>archive</kind>
         <file>drivers_cc32xx.a</file>
         <name>PWMTimerCC32XX.oem4</name>
      </input_file>
      <input_file id="fl-12">
         <path>D:\ccs\utils\simplelink_cc32xx_sdk_5_20_00_06\source\ti\drivers\lib\ccs\m4\</path>
         <kind>archive</kind>
         <file>drivers_cc32xx.a</file>
         <name>TimerCC32XX.oem4</name>
      </input_file>
      <input_file id="fl-13">
         <path>D:\ccs\utils\simplelink_cc32xx_sdk_5_20_00_06\source\ti\drivers\lib\ccs\m4\</path>
         <kind>archive</kind>
         <file>drivers_cc32xx.a</file>
         <name>Timer.oem4</name>
      </input_file>
      <input_file id="fl-14">
         <path>D:\ccs\utils\simplelink_cc32xx_sdk_5_20_00_06\source\ti\drivers\lib\ccs\m4\</path>
         <kind>archive</kind>
         <file>drivers_cc32xx.a</file>
         <name>List.oem4</name>
      </input_file>
      <input_file id="fl-15">
         <path>D:\ccs\utils\simplelink_cc32xx_sdk_5_20_00_06\kernel\nortos\lib\ccs\m4\</path>
         <kind>archive</kind>
         <file>nortos_cc32xx.a</file>
         <name>posix_sleep.oem4</name>
      </input_file>
      <input_file id="fl-16">
         <path>D:\ccs\utils\simplelink_cc32xx_sdk_5_20_00_06\kernel\nortos\lib\ccs\m4\</path>
         <kind>archive</kind>
         <file>nortos_cc32xx.a</file>
         <name>NoRTOS.oem4</name>
      </input_file>
      <input_file id="fl-17">
         <path>D:\ccs\utils\simplelink_cc32xx_sdk_5_20_00_06\kernel\nortos\lib\ccs\m4\</path>
         <kind>archive</kind>
         <file>nortos_cc32xx.a</file>
         <name>SemaphoreP_nortos.oem4</name>
      </input_file>
      <input_file id="fl-18">
         <path>D:\ccs\utils\simplelink_cc32xx_sdk_5_20_00_06\kernel\nortos\lib\ccs\m4\</path>
         <kind>archive</kind>
         <file>nortos_cc32xx.a</file>
         <name>ClockPSysTick_nortos.oem4</name>
      </input_file>
      <input_file id="fl-19">
         <path>D:\ccs\utils\simplelink_cc32xx_sdk_5_20_00_06\kernel\nortos\lib\ccs\m4\</path>
         <kind>archive</kind>
         <file>nortos_cc32xx.a</file>
         <name>HwiPCC32XX_nortos.oem4</name>
      </input_file>
      <input_file id="fl-1a">
         <path>D:\ccs\utils\simplelink_cc32xx_sdk_5_20_00_06\kernel\nortos\lib\ccs\m4\</path>
         <kind>archive</kind>
         <file>nortos_cc32xx.a</file>
         <name>PowerCC32XX_nortos.oem4</name>
      </input_file>
      <input_file id="fl-1b">
         <path>D:\ccs\utils\simplelink_cc32xx_sdk_5_20_00_06\kernel\nortos\lib\ccs\m4\</path>
         <kind>archive</kind>
         <file>nortos_cc32xx.a</file>
         <name>startup_cc32xx_ccs.oem4</name>
      </input_file>
      <input_file id="fl-1c">
         <path>D:\ccs\utils\simplelink_cc32xx_sdk_5_20_00_06\kernel\nortos\lib\ccs\m4\</path>
         <kind>archive</kind>
         <file>nortos_cc32xx.a</file>
         <name>SwiP_nortos.oem4</name>
      </input_file>
      <input_file id="fl-1d">
         <path>D:\ccs\utils\simplelink_cc32xx_sdk_5_20_00_06\kernel\nortos\lib\ccs\m4\</path>
         <kind>archive</kind>
         <file>nortos_cc32xx.a</file>
         <name>QueueP_nortos.oem4</name>
      </input_file>
      <input_file id="fl-1e">
         <path>D:\ccs\utils\simplelink_cc32xx_sdk_5_20_00_06\source\ti\devices\cc32xx\driverlib\ccs\Release\</path>
         <kind>archive</kind>
         <file>driverlib.a</file>
         <name>cpu.obj</name>
      </input_file>
      <input_file id="fl-1f">
         <path>D:\ccs\utils\simplelink_cc32xx_sdk_5_20_00_06\source\ti\devices\cc32xx\driverlib\ccs\Release\</path>
         <kind>archive</kind>
         <file>driverlib.a</file>
         <name>interrupt.obj</name>
      </input_file>
      <input_file id="fl-20">
         <path>D:\ccs\utils\simplelink_cc32xx_sdk_5_20_00_06\source\ti\devices\cc32xx\driverlib\ccs\Release\</path>
         <kind>archive</kind>
         <file>driverlib.a</file>
         <name>pin.obj</name>
      </input_file>
      <input_file id="fl-21">
         <path>D:\ccs\utils\simplelink_cc32xx_sdk_5_20_00_06\source\ti\devices\cc32xx\driverlib\ccs\Release\</path>
         <kind>archive</kind>
         <file>driverlib.a</file>
         <name>prcm.obj</name>
      </input_file>
      <input_file id="fl-22">
         <path>D:\ccs\utils\simplelink_cc32xx_sdk_5_20_00_06\source\ti\devices\cc32xx\driverlib\ccs\Release\</path>
         <kind>archive</kind>
         <file>driverlib.a</file>
         <name>timer.obj</name>
      </input_file>
      <input_file id="fl-23">
         <path>D:\ccs\utils\simplelink_cc32xx_sdk_5_20_00_06\source\ti\devices\cc32xx\driverlib\ccs\Release\</path>
         <kind>archive</kind>
         <file>driverlib.a</file>
         <name>utils.obj</name>
      </input_file>
      <input_file id="fl-24">
         <path>D:\ccs\utils\simplelink_cc32xx_sdk_5_20_00_06\source\ti\devices\cc32xx\driverlib\ccs\Release\</path>
         <kind>archive</kind>
         <file>driverlib.a</file>
         <name>flash.obj</name>
      </input_file>
      <input_file id="fl-da">
         <path>D:\ccs\tools\compiler\ti-cgt-arm_20.2.5.LTS\lib\</path>
         <kind>archive</kind>
         <file>rtsv7M4_T_le_eabi.lib</file>
         <name>fd_mul_t2.asm.obj</name>
      </input_file>
      <input_file id="fl-db">
         <path>D:\ccs\tools\compiler\ti-cgt-arm_20.2.5.LTS\lib\</path>
         <kind>archive</kind>
         <file>rtsv7M4_T_le_eabi.lib</file>
         <name>fd_tou_t2.asm.obj</name>
      </input_file>
      <input_file id="fl-dc">
         <path>D:\ccs\tools\compiler\ti-cgt-arm_20.2.5.LTS\lib\</path>
         <kind>archive</kind>
         <file>rtsv7M4_T_le_eabi.lib</file>
         <name>ll_mul_t2.asm.obj</name>
      </input_file>
      <input_file id="fl-dd">
         <path>D:\ccs\tools\compiler\ti-cgt-arm_20.2.5.LTS\lib\</path>
         <kind>archive</kind>
         <file>rtsv7M4_T_le_eabi.lib</file>
         <name>memcpy_t2.asm.obj</name>
      </input_file>
      <input_file id="fl-de">
         <path>D:\ccs\tools\compiler\ti-cgt-arm_20.2.5.LTS\lib\</path>
         <kind>archive</kind>
         <file>rtsv7M4_T_le_eabi.lib</file>
         <name>u_tofd_t2.asm.obj</name>
      </input_file>
      <input_file id="fl-df">
         <path>D:\ccs\tools\compiler\ti-cgt-arm_20.2.5.LTS\lib\</path>
         <kind>archive</kind>
         <file>rtsv7M4_T_le_eabi.lib</file>
         <name>ull_div_t2.asm.obj</name>
      </input_file>
      <input_file id="fl-e0">
         <path>D:\ccs\tools\compiler\ti-cgt-arm_20.2.5.LTS\lib\</path>
         <kind>archive</kind>
         <file>rtsv7M4_T_le_eabi.lib</file>
         <name>copy_zero_init.c.obj</name>
      </input_file>
      <input_file id="fl-e1">
         <path>D:\ccs\tools\compiler\ti-cgt-arm_20.2.5.LTS\lib\</path>
         <kind>archive</kind>
         <file>rtsv7M4_T_le_eabi.lib</file>
         <name>copy_decompress_none.c.obj</name>
      </input_file>
      <input_file id="fl-e2">
         <path>D:\ccs\tools\compiler\ti-cgt-arm_20.2.5.LTS\lib\</path>
         <kind>archive</kind>
         <file>rtsv7M4_T_le_eabi.lib</file>
         <name>copy_decompress_lzss.c.obj</name>
      </input_file>
      <input_file id="fl-e3">
         <path>D:\ccs\tools\compiler\ti-cgt-arm_20.2.5.LTS\lib\</path>
         <kind>archive</kind>
         <file>rtsv7M4_T_le_eabi.lib</file>
         <name>memory.c.obj</name>
      </input_file>
      <input_file id="fl-e4">
         <path>D:\ccs\tools\compiler\ti-cgt-arm_20.2.5.LTS\lib\</path>
         <kind>archive</kind>
         <file>rtsv7M4_T_le_eabi.lib</file>
         <name>boot_cortex_m.c.obj</name>
      </input_file>
      <input_file id="fl-e5">
         <path>D:\ccs\tools\compiler\ti-cgt-arm_20.2.5.LTS\lib\</path>
         <kind>archive</kind>
         <file>rtsv7M4_T_le_eabi.lib</file>
         <name>div0.asm.obj</name>
      </input_file>
      <input_file id="fl-e6">
         <path>D:\ccs\tools\compiler\ti-cgt-arm_20.2.5.LTS\lib\</path>
         <kind>archive</kind>
         <file>rtsv7M4_T_le_eabi.lib</file>
         <name>memset_t2.asm.obj</name>
      </input_file>
      <input_file id="fl-e7">
         <path>D:\ccs\tools\compiler\ti-cgt-arm_20.2.5.LTS\lib\</path>
         <kind>archive</kind>
         <file>rtsv7M4_T_le_eabi.lib</file>
         <name>autoinit.c.obj</name>
      </input_file>
      <input_file id="fl-e8">
         <path>D:\ccs\tools\compiler\ti-cgt-arm_20.2.5.LTS\lib\</path>
         <kind>archive</kind>
         <file>rtsv7M4_T_le_eabi.lib</file>
         <name>pre_init.c.obj</name>
      </input_file>
      <input_file id="fl-e9">
         <path>D:\ccs\tools\compiler\ti-cgt-arm_20.2.5.LTS\lib\</path>
         <kind>archive</kind>
         <file>rtsv7M4_T_le_eabi.lib</file>
         <name>cpy_tbl.c.obj</name>
      </input_file>
      <input_file id="fl-ea">
         <path>D:\ccs\tools\compiler\ti-cgt-arm_20.2.5.LTS\lib\</path>
         <kind>archive</kind>
         <file>rtsv7M4_T_le_eabi.lib</file>
         <name>exit.c.obj</name>
      </input_file>
      <input_file id="fl-eb">
         <path>D:\ccs\tools\compiler\ti-cgt-arm_20.2.5.LTS\lib\</path>
         <kind>archive</kind>
         <file>rtsv7M4_T_le_eabi.lib</file>
         <name>_lock.c.obj</name>
      </input_file>
      <input_file id="fl-ec">
         <path>D:\ccs\tools\compiler\ti-cgt-arm_20.2.5.LTS\lib\</path>
         <kind>archive</kind>
         <file>rtsv7M4_T_le_eabi.lib</file>
         <name>args_main.c.obj</name>
      </input_file>
   </input_file_list>
   <object_component_list>
      <object_component id="oc-1a9">
         <name>.text:PRCMCC3200MCUInit</name>
         <load_address>0x2000c040</load_address>
         <run_address>0x2000c040</run_address>
         <size>0x42c</size>
         <input_file_ref idref="fl-21"/>
      </object_component>
      <object_component id="oc-2fd">
         <name>.text:PowerCC32XX_sleepPolicy</name>
         <load_address>0x2000c46c</load_address>
         <run_address>0x2000c46c</run_address>
         <size>0x19c</size>
         <input_file_ref idref="fl-1a"/>
      </object_component>
      <object_component id="oc-441">
         <name>.text:parkPins</name>
         <load_address>0x2000c608</load_address>
         <run_address>0x2000c608</run_address>
         <size>0x148</size>
         <input_file_ref idref="fl-f"/>
      </object_component>
      <object_component id="oc-3d8">
         <name>.text:PWMTimerCC32XX_setDutyAndPeriod</name>
         <load_address>0x2000c750</load_address>
         <run_address>0x2000c750</run_address>
         <size>0x140</size>
         <input_file_ref idref="fl-11"/>
      </object_component>
      <object_component id="oc-393">
         <name>.text:Power_sleep</name>
         <load_address>0x2000c890</load_address>
         <run_address>0x2000c890</run_address>
         <size>0x138</size>
         <input_file_ref idref="fl-f"/>
      </object_component>
      <object_component id="oc-15e">
         <name>.text:mainThread</name>
         <load_address>0x2000c9c8</load_address>
         <run_address>0x2000c9c8</run_address>
         <size>0x114</size>
         <input_file_ref idref="fl-3"/>
      </object_component>
      <object_component id="oc-1da">
         <name>.text</name>
         <load_address>0x2000cadc</load_address>
         <run_address>0x2000cadc</run_address>
         <size>0xfc</size>
         <input_file_ref idref="fl-da"/>
      </object_component>
      <object_component id="oc-3c6">
         <name>.text:PWMTimerCC32XX_open</name>
         <load_address>0x2000cbd8</load_address>
         <run_address>0x2000cbd8</run_address>
         <size>0xf0</size>
         <input_file_ref idref="fl-11"/>
      </object_component>
      <object_component id="oc-3e4">
         <name>.text:PWMTimerCC32XX_stop</name>
         <load_address>0x2000ccc8</load_address>
         <run_address>0x2000ccc8</run_address>
         <size>0xc4</size>
         <input_file_ref idref="fl-11"/>
      </object_component>
      <object_component id="oc-45e">
         <name>.text:restoreParkedPins</name>
         <load_address>0x2000cd8c</load_address>
         <run_address>0x2000cd8c</run_address>
         <size>0xc0</size>
         <input_file_ref idref="fl-f"/>
      </object_component>
      <object_component id="oc-3cc">
         <name>.text:PWMTimerCC32XX_setDuty</name>
         <load_address>0x2000ce4c</load_address>
         <run_address>0x2000ce4c</run_address>
         <size>0xb8</size>
         <input_file_ref idref="fl-11"/>
      </object_component>
      <object_component id="oc-b5">
         <name>.text:IntEnable</name>
         <load_address>0x2000cf04</load_address>
         <run_address>0x2000cf04</run_address>
         <size>0xa8</size>
         <input_file_ref idref="fl-1f"/>
      </object_component>
      <object_component id="oc-270">
         <name>.text:PowerCC32XX_configureWakeup</name>
         <load_address>0x2000cfac</load_address>
         <run_address>0x2000cfac</run_address>
         <size>0xa8</size>
         <input_file_ref idref="fl-f"/>
      </object_component>
      <object_component id="oc-4b6">
         <name>.text:initHw</name>
         <load_address>0x2000d054</load_address>
         <run_address>0x2000d054</run_address>
         <size>0xa4</size>
         <input_file_ref idref="fl-11"/>
      </object_component>
      <object_component id="oc-330">
         <name>.text:SemaphoreP_pend</name>
         <load_address>0x2000d0f8</load_address>
         <run_address>0x2000d0f8</run_address>
         <size>0xa0</size>
         <input_file_ref idref="fl-17"/>
      </object_component>
      <object_component id="oc-3b">
         <name>.text</name>
         <load_address>0x2000d198</load_address>
         <run_address>0x2000d198</run_address>
         <size>0x9c</size>
         <input_file_ref idref="fl-dd"/>
      </object_component>
      <object_component id="oc-3d2">
         <name>.text:PWMTimerCC32XX_setPeriod</name>
         <load_address>0x2000d234</load_address>
         <run_address>0x2000d234</run_address>
         <size>0x98</size>
         <input_file_ref idref="fl-11"/>
      </object_component>
      <object_component id="oc-38e">
         <name>.text</name>
         <load_address>0x2000d2cc</load_address>
         <run_address>0x2000d2cc</run_address>
         <size>0x96</size>
         <input_file_ref idref="fl-df"/>
      </object_component>
      <object_component id="oc-1b5">
         <name>.text:Board_initHook</name>
         <load_address>0x2000d362</load_address>
         <run_address>0x2000d362</run_address>
         <size>0x2</size>
         <input_file_ref idref="fl-4"/>
      </object_component>
      <object_component id="oc-452">
         <name>.text:restoreNVICRegs</name>
         <load_address>0x2000d364</load_address>
         <run_address>0x2000d364</run_address>
         <size>0x90</size>
         <input_file_ref idref="fl-f"/>
      </object_component>
      <object_component id="oc-541">
         <name>.text:IntPendSet</name>
         <load_address>0x2000d3f4</load_address>
         <run_address>0x2000d3f4</run_address>
         <size>0x88</size>
         <input_file_ref idref="fl-1f"/>
      </object_component>
      <object_component id="oc-3b4">
         <name>.text:PWMTimerCC32XX_close</name>
         <load_address>0x2000d47c</load_address>
         <run_address>0x2000d47c</run_address>
         <size>0x88</size>
         <input_file_ref idref="fl-11"/>
      </object_component>
      <object_component id="oc-587">
         <name>.text:PinConfigSet</name>
         <load_address>0x2000d504</load_address>
         <run_address>0x2000d504</run_address>
         <size>0x88</size>
         <input_file_ref idref="fl-20"/>
      </object_component>
      <object_component id="oc-1af">
         <name>.text:Power_init</name>
         <load_address>0x2000d58c</load_address>
         <run_address>0x2000d58c</run_address>
         <size>0x84</size>
         <input_file_ref idref="fl-f"/>
      </object_component>
      <object_component id="oc-447">
         <name>.text:saveNVICRegs</name>
         <load_address>0x2000d610</load_address>
         <run_address>0x2000d610</run_address>
         <size>0x84</size>
         <input_file_ref idref="fl-f"/>
      </object_component>
      <object_component id="oc-4aa">
         <name>.text:Power_setDependency</name>
         <load_address>0x2000d694</load_address>
         <run_address>0x2000d694</run_address>
         <size>0x80</size>
         <input_file_ref idref="fl-f"/>
      </object_component>
      <object_component id="oc-3de">
         <name>.text:PWMTimerCC32XX_start</name>
         <load_address>0x2000d714</load_address>
         <run_address>0x2000d714</run_address>
         <size>0x68</size>
         <input_file_ref idref="fl-11"/>
      </object_component>
      <object_component id="oc-14">
         <name>.text:decompress:lzss:__TI_decompress_lzss</name>
         <load_address>0x2000d77c</load_address>
         <run_address>0x2000d77c</run_address>
         <size>0x68</size>
         <input_file_ref idref="fl-e2"/>
      </object_component>
      <object_component id="oc-4bc">
         <name>.text:PowerCC32XX_setParkState</name>
         <load_address>0x2000d7e4</load_address>
         <run_address>0x2000d7e4</run_address>
         <size>0x64</size>
         <input_file_ref idref="fl-f"/>
      </object_component>
      <object_component id="oc-23e">
         <name>.text:PRCMSysResetCauseGet</name>
         <load_address>0x2000d848</load_address>
         <run_address>0x2000d848</run_address>
         <size>0x60</size>
         <input_file_ref idref="fl-21"/>
      </object_component>
      <object_component id="oc-2a4">
         <name>.text:getTimeUsec</name>
         <load_address>0x2000d8a8</load_address>
         <run_address>0x2000d8a8</run_address>
         <size>0x60</size>
         <input_file_ref idref="fl-18"/>
      </object_component>
      <object_component id="oc-31a">
         <name>.text:sysTickInit</name>
         <load_address>0x2000d908</load_address>
         <run_address>0x2000d908</run_address>
         <size>0x5c</size>
         <input_file_ref idref="fl-18"/>
      </object_component>
      <object_component id="oc-257">
         <name>.text:PRCMPeripheralReset</name>
         <load_address>0x2000d964</load_address>
         <run_address>0x2000d964</run_address>
         <size>0x58</size>
         <input_file_ref idref="fl-21"/>
      </object_component>
      <object_component id="oc-489">
         <name>.text:Power_releaseDependency</name>
         <load_address>0x2000d9bc</load_address>
         <run_address>0x2000d9bc</run_address>
         <size>0x58</size>
         <input_file_ref idref="fl-f"/>
      </object_component>
      <object_component id="oc-51e">
         <name>.text:PowerCC32XX_resumeLPDS</name>
         <load_address>0x2000da14</load_address>
         <run_address>0x2000da14</run_address>
         <size>0x52</size>
         <input_file_ref idref="fl-10"/>
      </object_component>
      <object_component id="oc-3c0">
         <name>.text:PWMTimerCC32XX_init</name>
         <load_address>0x2000da66</load_address>
         <run_address>0x2000da66</run_address>
         <size>0x2</size>
         <input_file_ref idref="fl-11"/>
      </object_component>
      <object_component id="oc-79">
         <name>.text:ClockP_sysTickHandler</name>
         <load_address>0x2000da68</load_address>
         <run_address>0x2000da68</run_address>
         <size>0x50</size>
         <input_file_ref idref="fl-18"/>
      </object_component>
      <object_component id="oc-32a">
         <name>.text:SemaphoreP_construct</name>
         <load_address>0x2000dab8</load_address>
         <run_address>0x2000dab8</run_address>
         <size>0x50</size>
         <input_file_ref idref="fl-17"/>
      </object_component>
      <object_component id="oc-4a4">
         <name>.text:TimerCC32XX_allocateTimerResource</name>
         <load_address>0x2000db08</load_address>
         <run_address>0x2000db08</run_address>
         <size>0x50</size>
         <input_file_ref idref="fl-12"/>
      </object_component>
      <object_component id="oc-515">
         <name>.text:PowerCC32XX_parkPin</name>
         <load_address>0x2000db58</load_address>
         <run_address>0x2000db58</run_address>
         <size>0x4c</size>
         <input_file_ref idref="fl-f"/>
      </object_component>
      <object_component id="oc-4c9">
         <name>.text:getDutyCounts</name>
         <load_address>0x2000dba4</load_address>
         <run_address>0x2000dba4</run_address>
         <size>0x4c</size>
         <input_file_ref idref="fl-11"/>
      </object_component>
      <object_component id="oc-4d3">
         <name>.text:getPeriodCounts</name>
         <load_address>0x2000dbf0</load_address>
         <run_address>0x2000dbf0</run_address>
         <size>0x4c</size>
         <input_file_ref idref="fl-11"/>
      </object_component>
      <object_component id="oc-458">
         <name>.text:restorePeriphClocks</name>
         <load_address>0x2000dc3c</load_address>
         <run_address>0x2000dc3c</run_address>
         <size>0x4c</size>
         <input_file_ref idref="fl-f"/>
      </object_component>
      <object_component id="oc-1ea">
         <name>.text:ClockP_usleep</name>
         <load_address>0x2000dc88</load_address>
         <run_address>0x2000dc88</run_address>
         <size>0x48</size>
         <input_file_ref idref="fl-18"/>
      </object_component>
      <object_component id="oc-539">
         <name>.text:FlashDisable</name>
         <load_address>0x2000dcd0</load_address>
         <run_address>0x2000dcd0</run_address>
         <size>0x48</size>
         <input_file_ref idref="fl-24"/>
      </object_component>
      <object_component id="oc-464">
         <name>.text:PRCMLPDSEnter</name>
         <load_address>0x2000dd18</load_address>
         <run_address>0x2000dd18</run_address>
         <size>0x48</size>
         <input_file_ref idref="fl-21"/>
      </object_component>
      <object_component id="oc-251">
         <name>.text:PRCMPeripheralClkEnable</name>
         <load_address>0x2000dd60</load_address>
         <run_address>0x2000dd60</run_address>
         <size>0x48</size>
         <input_file_ref idref="fl-21"/>
      </object_component>
      <object_component id="oc-4e2">
         <name>.text:Power_releaseConstraint</name>
         <load_address>0x2000dda8</load_address>
         <run_address>0x2000dda8</run_address>
         <size>0x48</size>
         <input_file_ref idref="fl-f"/>
      </object_component>
      <object_component id="oc-4fa">
         <name>.text:ClockP_stop</name>
         <load_address>0x2000ddf0</load_address>
         <run_address>0x2000ddf0</run_address>
         <size>0x44</size>
         <input_file_ref idref="fl-18"/>
      </object_component>
      <object_component id="oc-523">
         <name>.text:PRCMLPDSRestoreInfoSet</name>
         <load_address>0x2000de34</load_address>
         <run_address>0x2000de34</run_address>
         <size>0x44</size>
         <input_file_ref idref="fl-21"/>
      </object_component>
      <object_component id="oc-1bd">
         <name>.text:PWM_init</name>
         <load_address>0x2000de78</load_address>
         <run_address>0x2000de78</run_address>
         <size>0x44</size>
         <input_file_ref idref="fl-e"/>
      </object_component>
      <object_component id="oc-44d">
         <name>.text:PowerCC32XX_enterLPDS</name>
         <load_address>0x2000debc</load_address>
         <run_address>0x2000debc</run_address>
         <size>0x44</size>
         <input_file_ref idref="fl-10"/>
      </object_component>
      <object_component id="oc-39f">
         <name>.text:SwiP_restore</name>
         <load_address>0x2000df00</load_address>
         <run_address>0x2000df00</run_address>
         <size>0x44</size>
         <input_file_ref idref="fl-1c"/>
      </object_component>
      <object_component id="oc-171">
         <name>.text:__TI_auto_init_nobinit_nopinit:__TI_auto_init_nobinit_nopinit</name>
         <load_address>0x2000df44</load_address>
         <run_address>0x2000df44</run_address>
         <size>0x44</size>
         <input_file_ref idref="fl-e7"/>
      </object_component>
      <object_component id="oc-1df">
         <name>.text</name>
         <load_address>0x2000df88</load_address>
         <run_address>0x2000df88</run_address>
         <size>0x44</size>
         <input_file_ref idref="fl-db"/>
      </object_component>
      <object_component id="oc-1c9">
         <name>.text:PWM_open</name>
         <load_address>0x2000dfcc</load_address>
         <run_address>0x2000dfcc</run_address>
         <size>0x40</size>
         <input_file_ref idref="fl-e"/>
      </object_component>
      <object_component id="oc-269">
         <name>.text:PinModeSet</name>
         <load_address>0x2000e00c</load_address>
         <run_address>0x2000e00c</run_address>
         <size>0x40</size>
         <input_file_ref idref="fl-20"/>
      </object_component>
      <object_component id="oc-415">
         <name>.text:ClockP_destruct</name>
         <load_address>0x2000e04c</load_address>
         <run_address>0x2000e04c</run_address>
         <size>0x3c</size>
         <input_file_ref idref="fl-18"/>
      </object_component>
      <object_component id="oc-4db">
         <name>.text:Power_setConstraint</name>
         <load_address>0x2000e088</load_address>
         <run_address>0x2000e088</run_address>
         <size>0x3c</size>
         <input_file_ref idref="fl-f"/>
      </object_component>
      <object_component id="oc-388">
         <name>.text:getCountsRTC</name>
         <load_address>0x2000e0c4</load_address>
         <run_address>0x2000e0c4</run_address>
         <size>0x3a</size>
         <input_file_ref idref="fl-1a"/>
      </object_component>
      <object_component id="oc-483">
         <name>.text:getPowerMgrId</name>
         <load_address>0x2000e0fe</load_address>
         <run_address>0x2000e0fe</run_address>
         <size>0x3a</size>
         <input_file_ref idref="fl-11"/>
      </object_component>
      <object_component id="oc-46a">
         <name>.text:PRCMLPDSEnterKeepDebugIf</name>
         <load_address>0x2000e138</load_address>
         <run_address>0x2000e138</run_address>
         <size>0x38</size>
         <input_file_ref idref="fl-21"/>
      </object_component>
      <object_component id="oc-db">
         <name>.text:addToList</name>
         <load_address>0x2000e170</load_address>
         <run_address>0x2000e170</run_address>
         <size>0x38</size>
         <input_file_ref idref="fl-18"/>
      </object_component>
      <object_component id="oc-59">
         <name>.text:initVectors</name>
         <load_address>0x2000e1a8</load_address>
         <run_address>0x2000e1a8</run_address>
         <size>0x38</size>
         <input_file_ref idref="fl-1b"/>
      </object_component>
      <object_component id="oc-43b">
         <name>.text:notify</name>
         <load_address>0x2000e1e0</load_address>
         <run_address>0x2000e1e0</run_address>
         <size>0x38</size>
         <input_file_ref idref="fl-f"/>
      </object_component>
      <object_component id="oc-376">
         <name>.text:ClockP_getTicksUntilInterrupt</name>
         <load_address>0x2000e218</load_address>
         <run_address>0x2000e218</run_address>
         <size>0x34</size>
         <input_file_ref idref="fl-18"/>
      </object_component>
      <object_component id="oc-29e">
         <name>.text:ClockP_startup</name>
         <load_address>0x2000e24c</load_address>
         <run_address>0x2000e24c</run_address>
         <size>0x34</size>
         <input_file_ref idref="fl-18"/>
      </object_component>
      <object_component id="oc-263">
         <name>.text:PinModeGet</name>
         <load_address>0x2000e280</load_address>
         <run_address>0x2000e280</run_address>
         <size>0x34</size>
         <input_file_ref idref="fl-20"/>
      </object_component>
      <object_component id="oc-47d">
         <name>.text:TimerCC32XX_freeTimerResource</name>
         <load_address>0x2000e2b4</load_address>
         <run_address>0x2000e2b4</run_address>
         <size>0x34</size>
         <input_file_ref idref="fl-12"/>
      </object_component>
      <object_component id="oc-551">
         <name>.text:getPowerMgrId</name>
         <load_address>0x2000e2e8</load_address>
         <run_address>0x2000e2e8</run_address>
         <size>0x34</size>
         <input_file_ref idref="fl-12"/>
      </object_component>
      <object_component id="oc-403">
         <name>.text:ClockP_start</name>
         <load_address>0x2000e31c</load_address>
         <run_address>0x2000e31c</run_address>
         <size>0x30</size>
         <input_file_ref idref="fl-18"/>
      </object_component>
      <object_component id="oc-532">
         <name>.text:PowerCC32XX_restoreParkedPin</name>
         <load_address>0x2000e34c</load_address>
         <run_address>0x2000e34c</run_address>
         <size>0x30</size>
         <input_file_ref idref="fl-f"/>
      </object_component>
      <object_component id="oc-25d">
         <name>.text:PRCMPeripheralClkDisable</name>
         <load_address>0x2000e37c</load_address>
         <run_address>0x2000e37c</run_address>
         <size>0x28</size>
         <input_file_ref idref="fl-21"/>
      </object_component>
      <object_component id="oc-4b0">
         <name>.text:Power_registerNotify</name>
         <load_address>0x2000e3a4</load_address>
         <run_address>0x2000e3a4</run_address>
         <size>0x28</size>
         <input_file_ref idref="fl-f"/>
      </object_component>
      <object_component id="oc-56c">
         <name>.text:List_put</name>
         <load_address>0x2000e3cc</load_address>
         <run_address>0x2000e3cc</run_address>
         <size>0x26</size>
         <input_file_ref idref="fl-14"/>
      </object_component>
      <object_component id="oc-55e">
         <name>.text:List_remove</name>
         <load_address>0x2000e3f2</load_address>
         <run_address>0x2000e3f2</run_address>
         <size>0x26</size>
         <input_file_ref idref="fl-14"/>
      </object_component>
      <object_component id="oc-c5">
         <name>.text:_c_int00_noargs:_c_int00_noargs</name>
         <load_address>0x2000e418</load_address>
         <run_address>0x2000e418</run_address>
         <size>0x24</size>
         <input_file_ref idref="fl-e4"/>
      </object_component>
      <object_component id="oc-2aa">
         <name>.text:sleepTicks</name>
         <load_address>0x2000e43c</load_address>
         <run_address>0x2000e43c</run_address>
         <size>0x24</size>
         <input_file_ref idref="fl-18"/>
      </object_component>
      <object_component id="oc-48f">
         <name>.text:Power_unregisterNotify</name>
         <load_address>0x2000e460</load_address>
         <run_address>0x2000e460</run_address>
         <size>0x20</size>
         <input_file_ref idref="fl-f"/>
      </object_component>
      <object_component id="oc-1d5">
         <name>.text</name>
         <load_address>0x2000e480</load_address>
         <run_address>0x2000e480</run_address>
         <size>0x20</size>
         <input_file_ref idref="fl-de"/>
      </object_component>
      <object_component id="oc-495">
         <name>.text:PinToPadGet</name>
         <load_address>0x2000e4a0</load_address>
         <run_address>0x2000e4a0</run_address>
         <size>0x1c</size>
         <input_file_ref idref="fl-20"/>
      </object_component>
      <object_component id="oc-36a">
         <name>.text:SwiP_disable</name>
         <load_address>0x2000e4bc</load_address>
         <run_address>0x2000e4bc</run_address>
         <size>0x1c</size>
         <input_file_ref idref="fl-1c"/>
      </object_component>
      <object_component id="oc-47">
         <name>.text:decompress:ZI:__TI_zero_init_nomemset:__TI_zero_init_nomemset</name>
         <load_address>0x2000e4d8</load_address>
         <run_address>0x2000e4d8</run_address>
         <size>0x1c</size>
         <input_file_ref idref="fl-e0"/>
      </object_component>
      <object_component id="oc-21">
         <name>.text:resetISR</name>
         <load_address>0x2000e4f4</load_address>
         <run_address>0x2000e4f4</run_address>
         <size>0x1a</size>
         <input_file_ref idref="fl-1b"/>
      </object_component>
      <object_component id="oc-2f7">
         <name>.text:PowerCC32XX_initPolicy</name>
         <load_address>0x2000e50e</load_address>
         <run_address>0x2000e50e</run_address>
         <size>0x2</size>
         <input_file_ref idref="fl-1a"/>
      </object_component>
      <object_component id="oc-37c">
         <name>.text:Power_getTransitionLatency</name>
         <load_address>0x2000e510</load_address>
         <run_address>0x2000e510</run_address>
         <size>0x18</size>
         <input_file_ref idref="fl-f"/>
      </object_component>
      <object_component id="oc-57e">
         <name>.text:Power_idleFunc</name>
         <load_address>0x2000e528</load_address>
         <run_address>0x2000e528</run_address>
         <size>0x18</size>
         <input_file_ref idref="fl-f"/>
      </object_component>
      <object_component id="oc-324">
         <name>.text</name>
         <load_address>0x2000e540</load_address>
         <run_address>0x2000e540</run_address>
         <size>0x18</size>
         <input_file_ref idref="fl-dc"/>
      </object_component>
      <object_component id="oc-24b">
         <name>.text:PRCMHIBRegRead</name>
         <load_address>0x2000e558</load_address>
         <run_address>0x2000e558</run_address>
         <size>0x16</size>
         <input_file_ref idref="fl-21"/>
      </object_component>
      <object_component id="oc-245">
         <name>.text:PRCMHIBRegWrite</name>
         <load_address>0x2000e56e</load_address>
         <run_address>0x2000e56e</run_address>
         <size>0x16</size>
         <input_file_ref idref="fl-21"/>
      </object_component>
      <object_component id="oc-a3">
         <name>.text:CPUcpsid</name>
         <load_address>0x2000e584</load_address>
         <run_address>0x2000e584</run_address>
         <size>0x14</size>
         <input_file_ref idref="fl-1e"/>
      </object_component>
      <object_component id="oc-af">
         <name>.text:IntVTableBaseSet</name>
         <load_address>0x2000e598</load_address>
         <run_address>0x2000e598</run_address>
         <size>0x14</size>
         <input_file_ref idref="fl-1f"/>
      </object_component>
      <object_component id="oc-1c3">
         <name>.text:PWM_Params_init</name>
         <load_address>0x2000e5ac</load_address>
         <run_address>0x2000e5ac</run_address>
         <size>0x14</size>
         <input_file_ref idref="fl-e"/>
      </object_component>
      <object_component id="oc-52b">
         <name>.text:Power_getDependencyCount</name>
         <load_address>0x2000e5c0</load_address>
         <run_address>0x2000e5c0</run_address>
         <size>0x14</size>
         <input_file_ref idref="fl-f"/>
      </object_component>
      <object_component id="oc-11a">
         <name>.text:main</name>
         <load_address>0x2000e5d4</load_address>
         <run_address>0x2000e5d4</run_address>
         <size>0x12</size>
         <input_file_ref idref="fl-2"/>
      </object_component>
      <object_component id="oc-4c2">
         <name>.text:postNotifyFxn</name>
         <load_address>0x2000e5e6</load_address>
         <run_address>0x2000e5e6</run_address>
         <size>0x12</size>
         <input_file_ref idref="fl-11"/>
      </object_component>
      <object_component id="oc-152">
         <name>.text:Board_init</name>
         <load_address>0x2000e5f8</load_address>
         <run_address>0x2000e5f8</run_address>
         <size>0x10</size>
         <input_file_ref idref="fl-4"/>
      </object_component>
      <object_component id="oc-3fd">
         <name>.text:ClockP_add</name>
         <load_address>0x2000e608</load_address>
         <run_address>0x2000e608</run_address>
         <size>0x10</size>
         <input_file_ref idref="fl-18"/>
      </object_component>
      <object_component id="oc-364">
         <name>.text:ClockP_getCpuFreq</name>
         <load_address>0x2000e618</load_address>
         <run_address>0x2000e618</run_address>
         <size>0x10</size>
         <input_file_ref idref="fl-18"/>
      </object_component>
      <object_component id="oc-382">
         <name>.text:ClockP_getSystemTicks</name>
         <load_address>0x2000e628</load_address>
         <run_address>0x2000e628</run_address>
         <size>0x10</size>
         <input_file_ref idref="fl-18"/>
      </object_component>
      <object_component id="oc-399">
         <name>.text:ClockP_setTicks</name>
         <load_address>0x2000e638</load_address>
         <run_address>0x2000e638</run_address>
         <size>0x10</size>
         <input_file_ref idref="fl-18"/>
      </object_component>
      <object_component id="oc-284">
         <name>.text:HwiP_restore</name>
         <load_address>0x2000e648</load_address>
         <run_address>0x2000e648</run_address>
         <size>0x10</size>
         <input_file_ref idref="fl-19"/>
      </object_component>
      <object_component id="oc-409">
         <name>.text:Power_enablePolicy</name>
         <load_address>0x2000e658</load_address>
         <run_address>0x2000e658</run_address>
         <size>0x10</size>
         <input_file_ref idref="fl-f"/>
      </object_component>
      <object_component id="oc-3f2">
         <name>.text:SemaphoreP_Params_init</name>
         <load_address>0x2000e668</load_address>
         <run_address>0x2000e668</run_address>
         <size>0x10</size>
         <input_file_ref idref="fl-17"/>
      </object_component>
      <object_component id="oc-27e">
         <name>.text:HwiP_disable</name>
         <load_address>0x2000e678</load_address>
         <run_address>0x2000e678</run_address>
         <size>0xe</size>
         <input_file_ref idref="fl-19"/>
      </object_component>
      <object_component id="oc-158">
         <name>.text:HwiP_enable</name>
         <load_address>0x2000e686</load_address>
         <run_address>0x2000e686</run_address>
         <size>0xe</size>
         <input_file_ref idref="fl-19"/>
      </object_component>
      <object_component id="oc-1a">
         <name>.text:decompress:none:__TI_decompress_none</name>
         <load_address>0x2000e694</load_address>
         <run_address>0x2000e694</run_address>
         <size>0xe</size>
         <input_file_ref idref="fl-e1"/>
      </object_component>
      <object_component id="oc-336">
         <name>.text:SemaphoreP_destruct</name>
         <load_address>0x2000e6a2</load_address>
         <run_address>0x2000e6a2</run_address>
         <size>0x2</size>
         <input_file_ref idref="fl-17"/>
      </object_component>
      <object_component id="oc-370">
         <name>.text:Power_getConstraintMask</name>
         <load_address>0x2000e6a4</load_address>
         <run_address>0x2000e6a4</run_address>
         <size>0xc</size>
         <input_file_ref idref="fl-f"/>
      </object_component>
      <object_component id="oc-40f">
         <name>.text:ClockP_isActive</name>
         <load_address>0x2000e6b0</load_address>
         <run_address>0x2000e6b0</run_address>
         <size>0xa</size>
         <input_file_ref idref="fl-18"/>
      </object_component>
      <object_component id="oc-53">
         <name>.text:IntMasterDisable</name>
         <load_address>0x2000e6ba</load_address>
         <run_address>0x2000e6ba</run_address>
         <size>0xa</size>
         <input_file_ref idref="fl-1f"/>
      </object_component>
      <object_component id="oc-1e4">
         <name>.text:PWM_setDuty</name>
         <load_address>0x2000e6c4</load_address>
         <run_address>0x2000e6c4</run_address>
         <size>0xa</size>
         <input_file_ref idref="fl-e"/>
      </object_component>
      <object_component id="oc-1cf">
         <name>.text:PWM_start</name>
         <load_address>0x2000e6ce</load_address>
         <run_address>0x2000e6ce</run_address>
         <size>0xa</size>
         <input_file_ref idref="fl-e"/>
      </object_component>
      <object_component id="oc-3ba">
         <name>.text:PWMTimerCC32XX_control</name>
         <load_address>0x2000e6d8</load_address>
         <run_address>0x2000e6d8</run_address>
         <size>0x6</size>
         <input_file_ref idref="fl-11"/>
      </object_component>
      <object_component id="oc-244">
         <name>.text:UtilsDelay</name>
         <load_address>0x2000e6de</load_address>
         <run_address>0x2000e6de</run_address>
         <size>0x6</size>
         <input_file_ref idref="fl-23"/>
      </object_component>
      <object_component id="oc-472">
         <name>.text:HwiP_post</name>
         <load_address>0x2000e6e4</load_address>
         <run_address>0x2000e6e4</run_address>
         <size>0x4</size>
         <input_file_ref idref="fl-19"/>
      </object_component>
      <object_component id="oc-114">
         <name>.text:_system_pre_init</name>
         <load_address>0x2000e6e8</load_address>
         <run_address>0x2000e6e8</run_address>
         <size>0x4</size>
         <input_file_ref idref="fl-e8"/>
      </object_component>
      <object_component id="oc-165">
         <name>.text:abort:abort</name>
         <load_address>0x2000e6ec</load_address>
         <run_address>0x2000e6ec</run_address>
         <size>0x4</size>
         <input_file_ref idref="fl-ea"/>
      </object_component>
      <object_component id="oc-73">
         <name>.text:busFaultHandler</name>
         <load_address>0x2000e6f0</load_address>
         <run_address>0x2000e6f0</run_address>
         <size>0x2</size>
         <input_file_ref idref="fl-1b"/>
      </object_component>
      <object_component id="oc-41b">
         <name>.text:clkFxn</name>
         <load_address>0x2000e6f2</load_address>
         <run_address>0x2000e6f2</run_address>
         <size>0x2</size>
         <input_file_ref idref="fl-17"/>
      </object_component>
      <object_component id="oc-6d">
         <name>.text:defaultHandler</name>
         <load_address>0x2000e6f4</load_address>
         <run_address>0x2000e6f4</run_address>
         <size>0x2</size>
         <input_file_ref idref="fl-1b"/>
      </object_component>
      <object_component id="oc-67">
         <name>.text:faultISR</name>
         <load_address>0x2000e6f6</load_address>
         <run_address>0x2000e6f6</run_address>
         <size>0x2</size>
         <input_file_ref idref="fl-1b"/>
      </object_component>
      <object_component id="oc-61">
         <name>.text:nmiISR</name>
         <load_address>0x2000e6f8</load_address>
         <run_address>0x2000e6f8</run_address>
         <size>0x2</size>
         <input_file_ref idref="fl-1b"/>
      </object_component>
      <object_component id="oc-435">
         <name>.text</name>
         <load_address>0x2000e6fa</load_address>
         <run_address>0x2000e6fa</run_address>
         <size>0x2</size>
         <input_file_ref idref="fl-e5"/>
      </object_component>
      <object_component id="oc-2ed">
         <name>.const:g_ulPinToPadMap</name>
         <load_address>0x2000e6fc</load_address>
         <run_address>0x2000e6fc</run_address>
         <size>0x100</size>
         <input_file_ref idref="fl-20"/>
      </object_component>
      <object_component id="oc-2e6">
         <name>.const:PRCM_PeriphRegsList</name>
         <load_address>0x2000e7fc</load_address>
         <run_address>0x2000e7fc</run_address>
         <size>0xa8</size>
         <input_file_ref idref="fl-21"/>
      </object_component>
      <object_component id="oc-279">
         <name>.const:PowerCC32XX_config</name>
         <load_address>0x2000e8a4</load_address>
         <run_address>0x2000e8a4</run_address>
         <size>0x44</size>
         <input_file_ref idref="fl-4"/>
      </object_component>
      <object_component id="oc-30f">
         <name>.const:PWMTimerCC32XX_fxnTable</name>
         <load_address>0x2000e8e8</load_address>
         <run_address>0x2000e8e8</run_address>
         <size>0x24</size>
         <input_file_ref idref="fl-11"/>
      </object_component>
      <object_component id="oc-4e8">
         <name>.const:gpioPinIndexes</name>
         <load_address>0x2000e90c</load_address>
         <run_address>0x2000e90c</run_address>
         <size>0x20</size>
         <input_file_ref idref="fl-11"/>
      </object_component>
      <object_component id="oc-290">
         <name>.const:PWM_config</name>
         <load_address>0x2000e92c</load_address>
         <run_address>0x2000e92c</run_address>
         <size>0x18</size>
         <input_file_ref idref="fl-4"/>
      </object_component>
      <object_component id="oc-294">
         <name>.const:PWM_defaultParams</name>
         <load_address>0x2000e944</load_address>
         <run_address>0x2000e944</run_address>
         <size>0x18</size>
         <input_file_ref idref="fl-e"/>
      </object_component>
      <object_component id="oc-10e">
         <name>.const:g_pulEnRegs</name>
         <load_address>0x2000e95c</load_address>
         <run_address>0x2000e95c</run_address>
         <size>0x18</size>
         <input_file_ref idref="fl-1f"/>
      </object_component>
      <object_component id="oc-593">
         <name>.const:g_pulPendRegs</name>
         <load_address>0x2000e974</load_address>
         <run_address>0x2000e974</run_address>
         <size>0x18</size>
         <input_file_ref idref="fl-1f"/>
      </object_component>
      <object_component id="oc-49e">
         <name>.const:gpioBaseAddresses</name>
         <load_address>0x2000e98c</load_address>
         <run_address>0x2000e98c</run_address>
         <size>0x10</size>
         <input_file_ref idref="fl-11"/>
      </object_component>
      <object_component id="oc-49b">
         <name>.const:timerBaseAddresses</name>
         <load_address>0x2000e99c</load_address>
         <run_address>0x2000e99c</run_address>
         <size>0x10</size>
         <input_file_ref idref="fl-11"/>
      </object_component>
      <object_component id="oc-313">
         <name>.const:pwmTimerCC32XXHWAttrs</name>
         <load_address>0x2000e9ac</load_address>
         <run_address>0x2000e9ac</run_address>
         <size>0x8</size>
         <input_file_ref idref="fl-4"/>
      </object_component>
      <object_component id="oc-4cf">
         <name>.const:timerHalves</name>
         <load_address>0x2000e9b4</load_address>
         <run_address>0x2000e9b4</run_address>
         <size>0x8</size>
         <input_file_ref idref="fl-11"/>
      </object_component>
      <object_component id="oc-28d">
         <name>.const</name>
         <load_address>0x2000e9bc</load_address>
         <run_address>0x2000e9bc</run_address>
         <size>0x3</size>
         <input_file_ref idref="fl-4"/>
      </object_component>
      <object_component id="oc-5d7">
         <name>.cinit..data.load</name>
         <load_address>0x2000ede0</load_address>
         <run_address>0x2000ede0</run_address>
         <size>0xb0</size>
      </object_component>
      <object_component id="oc-5d5">
         <name>__TI_handler_table</name>
         <load_address>0x2000ee90</load_address>
         <run_address>0x2000ee90</run_address>
         <size>0xc</size>
      </object_component>
      <object_component id="oc-5d8">
         <name>.cinit..bss.load</name>
         <load_address>0x2000eea0</load_address>
         <run_address>0x2000eea0</run_address>
         <size>0x8</size>
      </object_component>
      <object_component id="oc-5d6">
         <name>__TI_cinit_table</name>
         <load_address>0x2000eea8</load_address>
         <run_address>0x2000eea8</run_address>
         <size>0x10</size>
      </object_component>
      <object_component id="oc-303">
         <name>.data:parkInfo</name>
         <load_address>0x2000eb2c</load_address>
         <run_address>0x2000eb2c</run_address>
         <size>0xf8</size>
         <input_file_ref idref="fl-4"/>
      </object_component>
      <object_component id="oc-28a">
         <name>.data</name>
         <load_address>0x2000ec3c</load_address>
         <run_address>0x2000ec3c</run_address>
         <size>0x1</size>
         <input_file_ref idref="fl-e"/>
      </object_component>
      <object_component id="oc-276">
         <name>.data:PowerCC32XX_module</name>
         <load_address>0x2000e9c0</load_address>
         <run_address>0x2000e9c0</run_address>
         <size>0x16c</size>
         <input_file_ref idref="fl-f"/>
      </object_component>
      <object_component id="oc-3f8">
         <name>.data</name>
         <load_address>0x2000ec39</load_address>
         <run_address>0x2000ec39</run_address>
         <size>0x3</size>
         <input_file_ref idref="fl-17"/>
      </object_component>
      <object_component id="oc-4ec">
         <name>.data:SemaphoreP_defaultParams</name>
         <load_address>0x2000ec24</load_address>
         <run_address>0x2000ec24</run_address>
         <size>0x8</size>
         <input_file_ref idref="fl-17"/>
      </object_component>
      <object_component id="oc-2b0">
         <name>.data</name>
         <load_address>0x2000ec34</load_address>
         <run_address>0x2000ec34</run_address>
         <size>0x5</size>
         <input_file_ref idref="fl-18"/>
      </object_component>
      <object_component id="oc-478">
         <name>.data</name>
         <load_address>0x2000ec2c</load_address>
         <run_address>0x2000ec2c</run_address>
         <size>0x8</size>
         <input_file_ref idref="fl-19"/>
      </object_component>
      <object_component id="oc-557">
         <name>.bss:timerState</name>
         <uninitialized>true</uninitialized>
         <run_address>0x2000edd8</run_address>
         <size>0x4</size>
         <input_file_ref idref="fl-12"/>
      </object_component>
      <object_component id="oc-320">
         <name>.bss</name>
         <uninitialized>true</uninitialized>
         <run_address>0x2000edb4</run_address>
         <size>0x4</size>
         <input_file_ref idref="fl-18"/>
      </object_component>
      <object_component id="oc-426">
         <name>.bss</name>
         <uninitialized>true</uninitialized>
         <run_address>0x2000edc8</run_address>
         <size>0xd</size>
         <input_file_ref idref="fl-1c"/>
      </object_component>
      <object_component id="oc-312">
         <name>.common:pwmTimerCC32XXObjects</name>
         <uninitialized>true</uninitialized>
         <run_address>0x2000ed6c</run_address>
         <size>0x48</size>
      </object_component>
      <object_component id="oc-51c">
         <name>.common:PowerCC32XX_contextSave</name>
         <uninitialized>true</uninitialized>
         <run_address>0x2000ec40</run_address>
         <size>0x12c</size>
      </object_component>
      <object_component id="oc-e1">
         <name>.common:ClockP_ctrl</name>
         <uninitialized>true</uninitialized>
         <run_address>0x2000edb8</run_address>
         <size>0x10</size>
      </object_component>
      <object_component id="oc-2a">
         <name>.sysmem</name>
         <uninitialized>true</uninitialized>
         <run_address>0x20004040</run_address>
         <size>0x10</size>
         <input_file_ref idref="fl-e3"/>
      </object_component>
      <object_component id="oc-5db">
         <name>.sysmem</name>
         <uninitialized>true</uninitialized>
         <run_address>0x20004040</run_address>
         <size>0x0</size>
      </object_component>
      <object_component id="oc-2d">
         <name>.stack</name>
         <uninitialized>true</uninitialized>
         <run_address>0x20003000</run_address>
         <size>0x4</size>
         <input_file_ref idref="fl-e4"/>
      </object_component>
      <object_component id="oc-5da">
         <name>.stack</name>
         <uninitialized>true</uninitialized>
         <run_address>0x20003000</run_address>
         <size>0x0</size>
      </object_component>
      <object_component id="oc-27">
         <name>.resetVecs:retain</name>
         <load_address>0x20004000</load_address>
         <run_address>0x20004000</run_address>
         <size>0x40</size>
         <input_file_ref idref="fl-1b"/>
      </object_component>
      <object_component id="oc-bb">
         <name>.ramVecs</name>
         <uninitialized>true</uninitialized>
         <run_address>0x20000000</run_address>
         <size>0x30c</size>
         <input_file_ref idref="fl-1b"/>
      </object_component>
      <object_component id="oc-14d">
         <name>.debug_info</name>
         <load_address>0x0</load_address>
         <run_address>0x0</run_address>
         <size>0x1b7</size>
         <input_file_ref idref="fl-2"/>
      </object_component>
      <object_component id="oc-11e">
         <name>.debug_info</name>
         <load_address>0x1b7</load_address>
         <run_address>0x1b7</run_address>
         <size>0x14f</size>
         <input_file_ref idref="fl-2"/>
      </object_component>
      <object_component id="oc-e7">
         <name>.debug_info</name>
         <load_address>0x306</load_address>
         <run_address>0x306</run_address>
         <size>0x26b</size>
         <input_file_ref idref="fl-2"/>
      </object_component>
      <object_component id="oc-36">
         <name>.debug_info</name>
         <load_address>0x571</load_address>
         <run_address>0x571</run_address>
         <size>0x84</size>
         <input_file_ref idref="fl-2"/>
      </object_component>
      <object_component id="oc-148">
         <name>.debug_info</name>
         <load_address>0x5f5</load_address>
         <run_address>0x5f5</run_address>
         <size>0x2a4</size>
         <input_file_ref idref="fl-2"/>
      </object_component>
      <object_component id="oc-219">
         <name>.debug_info</name>
         <load_address>0x899</load_address>
         <run_address>0x899</run_address>
         <size>0xef</size>
         <input_file_ref idref="fl-2"/>
      </object_component>
      <object_component id="oc-12f">
         <name>.debug_info</name>
         <load_address>0x988</load_address>
         <run_address>0x988</run_address>
         <size>0xbb</size>
         <input_file_ref idref="fl-2"/>
      </object_component>
      <object_component id="oc-54c">
         <name>.debug_info</name>
         <load_address>0xa43</load_address>
         <run_address>0xa43</run_address>
         <size>0x53</size>
         <input_file_ref idref="fl-2"/>
      </object_component>
      <object_component id="oc-1f1">
         <name>.debug_info</name>
         <load_address>0xa96</load_address>
         <run_address>0xa96</run_address>
         <size>0x2de</size>
         <input_file_ref idref="fl-3"/>
      </object_component>
      <object_component id="oc-15f">
         <name>.debug_info</name>
         <load_address>0xd74</load_address>
         <run_address>0xd74</run_address>
         <size>0x389</size>
         <input_file_ref idref="fl-3"/>
      </object_component>
      <object_component id="oc-1f2">
         <name>.debug_info</name>
         <load_address>0x10fd</load_address>
         <run_address>0x10fd</run_address>
         <size>0x30f</size>
         <input_file_ref idref="fl-3"/>
      </object_component>
      <object_component id="oc-2b6">
         <name>.debug_info</name>
         <load_address>0x140c</load_address>
         <run_address>0x140c</run_address>
         <size>0x53</size>
         <input_file_ref idref="fl-3"/>
      </object_component>
      <object_component id="oc-2dc">
         <name>.debug_info</name>
         <load_address>0x145f</load_address>
         <run_address>0x145f</run_address>
         <size>0x433</size>
         <input_file_ref idref="fl-4"/>
      </object_component>
      <object_component id="oc-314">
         <name>.debug_info</name>
         <load_address>0x1892</load_address>
         <run_address>0x1892</run_address>
         <size>0x110</size>
         <input_file_ref idref="fl-4"/>
      </object_component>
      <object_component id="oc-291">
         <name>.debug_info</name>
         <load_address>0x19a2</load_address>
         <run_address>0x19a2</run_address>
         <size>0xfa</size>
         <input_file_ref idref="fl-4"/>
      </object_component>
      <object_component id="oc-28e">
         <name>.debug_info</name>
         <load_address>0x1a9c</load_address>
         <run_address>0x1a9c</run_address>
         <size>0x162</size>
         <input_file_ref idref="fl-4"/>
      </object_component>
      <object_component id="oc-27a">
         <name>.debug_info</name>
         <load_address>0x1bfe</load_address>
         <run_address>0x1bfe</run_address>
         <size>0x10a</size>
         <input_file_ref idref="fl-4"/>
      </object_component>
      <object_component id="oc-304">
         <name>.debug_info</name>
         <load_address>0x1d08</load_address>
         <run_address>0x1d08</run_address>
         <size>0xf6</size>
         <input_file_ref idref="fl-4"/>
      </object_component>
      <object_component id="oc-1b6">
         <name>.debug_info</name>
         <load_address>0x1dfe</load_address>
         <run_address>0x1dfe</run_address>
         <size>0x14e</size>
         <input_file_ref idref="fl-4"/>
      </object_component>
      <object_component id="oc-154">
         <name>.debug_info</name>
         <load_address>0x1f4c</load_address>
         <run_address>0x1f4c</run_address>
         <size>0x184</size>
         <input_file_ref idref="fl-4"/>
      </object_component>
      <object_component id="oc-223">
         <name>.debug_info</name>
         <load_address>0x20d0</load_address>
         <run_address>0x20d0</run_address>
         <size>0x878</size>
         <input_file_ref idref="fl-4"/>
      </object_component>
      <object_component id="oc-21e">
         <name>.debug_info</name>
         <load_address>0x2948</load_address>
         <run_address>0x2948</run_address>
         <size>0xb6</size>
         <input_file_ref idref="fl-4"/>
      </object_component>
      <object_component id="oc-22d">
         <name>.debug_info</name>
         <load_address>0x29fe</load_address>
         <run_address>0x29fe</run_address>
         <size>0x10e</size>
         <input_file_ref idref="fl-4"/>
      </object_component>
      <object_component id="oc-232">
         <name>.debug_info</name>
         <load_address>0x2b0c</load_address>
         <run_address>0x2b0c</run_address>
         <size>0xa1</size>
         <input_file_ref idref="fl-4"/>
      </object_component>
      <object_component id="oc-354">
         <name>.debug_info</name>
         <load_address>0x2bad</load_address>
         <run_address>0x2bad</run_address>
         <size>0x62</size>
         <input_file_ref idref="fl-4"/>
      </object_component>
      <object_component id="oc-108">
         <name>.debug_info</name>
         <load_address>0x2c0f</load_address>
         <run_address>0x2c0f</run_address>
         <size>0x8b</size>
         <input_file_ref idref="fl-4"/>
      </object_component>
      <object_component id="oc-aa">
         <name>.debug_info</name>
         <load_address>0x2c9a</load_address>
         <run_address>0x2c9a</run_address>
         <size>0x2c</size>
         <input_file_ref idref="fl-4"/>
      </object_component>
      <object_component id="oc-1a4">
         <name>.debug_info</name>
         <load_address>0x2cc6</load_address>
         <run_address>0x2cc6</run_address>
         <size>0x2ca</size>
         <input_file_ref idref="fl-e"/>
      </object_component>
      <object_component id="oc-295">
         <name>.debug_info</name>
         <load_address>0x2f90</load_address>
         <run_address>0x2f90</run_address>
         <size>0xe5</size>
         <input_file_ref idref="fl-e"/>
      </object_component>
      <object_component id="oc-28b">
         <name>.debug_info</name>
         <load_address>0x3075</load_address>
         <run_address>0x3075</run_address>
         <size>0xdc</size>
         <input_file_ref idref="fl-e"/>
      </object_component>
      <object_component id="oc-1d0">
         <name>.debug_info</name>
         <load_address>0x3151</load_address>
         <run_address>0x3151</run_address>
         <size>0x128</size>
         <input_file_ref idref="fl-e"/>
      </object_component>
      <object_component id="oc-1e5">
         <name>.debug_info</name>
         <load_address>0x3279</load_address>
         <run_address>0x3279</run_address>
         <size>0x141</size>
         <input_file_ref idref="fl-e"/>
      </object_component>
      <object_component id="oc-1ca">
         <name>.debug_info</name>
         <load_address>0x33ba</load_address>
         <run_address>0x33ba</run_address>
         <size>0x165</size>
         <input_file_ref idref="fl-e"/>
      </object_component>
      <object_component id="oc-1be">
         <name>.debug_info</name>
         <load_address>0x351f</load_address>
         <run_address>0x351f</run_address>
         <size>0x131</size>
         <input_file_ref idref="fl-e"/>
      </object_component>
      <object_component id="oc-1c4">
         <name>.debug_info</name>
         <load_address>0x3650</load_address>
         <run_address>0x3650</run_address>
         <size>0x118</size>
         <input_file_ref idref="fl-e"/>
      </object_component>
      <object_component id="oc-2de">
         <name>.debug_info</name>
         <load_address>0x3768</load_address>
         <run_address>0x3768</run_address>
         <size>0xf8</size>
         <input_file_ref idref="fl-e"/>
      </object_component>
      <object_component id="oc-139">
         <name>.debug_info</name>
         <load_address>0x3860</load_address>
         <run_address>0x3860</run_address>
         <size>0x110</size>
         <input_file_ref idref="fl-e"/>
      </object_component>
      <object_component id="oc-2f3">
         <name>.debug_info</name>
         <load_address>0x3970</load_address>
         <run_address>0x3970</run_address>
         <size>0x5ac</size>
         <input_file_ref idref="fl-f"/>
      </object_component>
      <object_component id="oc-277">
         <name>.debug_info</name>
         <load_address>0x3f1c</load_address>
         <run_address>0x3f1c</run_address>
         <size>0xf5</size>
         <input_file_ref idref="fl-f"/>
      </object_component>
      <object_component id="oc-491">
         <name>.debug_info</name>
         <load_address>0x4011</load_address>
         <run_address>0x4011</run_address>
         <size>0x1bf</size>
         <input_file_ref idref="fl-f"/>
      </object_component>
      <object_component id="oc-43d">
         <name>.debug_info</name>
         <load_address>0x41d0</load_address>
         <run_address>0x41d0</run_address>
         <size>0x16f</size>
         <input_file_ref idref="fl-f"/>
      </object_component>
      <object_component id="oc-516">
         <name>.debug_info</name>
         <load_address>0x433f</load_address>
         <run_address>0x433f</run_address>
         <size>0x25d</size>
         <input_file_ref idref="fl-f"/>
      </object_component>
      <object_component id="oc-443">
         <name>.debug_info</name>
         <load_address>0x459c</load_address>
         <run_address>0x459c</run_address>
         <size>0x199</size>
         <input_file_ref idref="fl-f"/>
      </object_component>
      <object_component id="oc-449">
         <name>.debug_info</name>
         <load_address>0x4735</load_address>
         <run_address>0x4735</run_address>
         <size>0x129</size>
         <input_file_ref idref="fl-f"/>
      </object_component>
      <object_component id="oc-454">
         <name>.debug_info</name>
         <load_address>0x485e</load_address>
         <run_address>0x485e</run_address>
         <size>0x12f</size>
         <input_file_ref idref="fl-f"/>
      </object_component>
      <object_component id="oc-52c">
         <name>.debug_info</name>
         <load_address>0x498d</load_address>
         <run_address>0x498d</run_address>
         <size>0x192</size>
         <input_file_ref idref="fl-f"/>
      </object_component>
      <object_component id="oc-459">
         <name>.debug_info</name>
         <load_address>0x4b1f</load_address>
         <run_address>0x4b1f</run_address>
         <size>0x16f</size>
         <input_file_ref idref="fl-f"/>
      </object_component>
      <object_component id="oc-533">
         <name>.debug_info</name>
         <load_address>0x4c8e</load_address>
         <run_address>0x4c8e</run_address>
         <size>0x200</size>
         <input_file_ref idref="fl-f"/>
      </object_component>
      <object_component id="oc-45f">
         <name>.debug_info</name>
         <load_address>0x4e8e</load_address>
         <run_address>0x4e8e</run_address>
         <size>0x179</size>
         <input_file_ref idref="fl-f"/>
      </object_component>
      <object_component id="oc-395">
         <name>.debug_info</name>
         <load_address>0x5007</load_address>
         <run_address>0x5007</run_address>
         <size>0x2de</size>
         <input_file_ref idref="fl-f"/>
      </object_component>
      <object_component id="oc-371">
         <name>.debug_info</name>
         <load_address>0x52e5</load_address>
         <run_address>0x52e5</run_address>
         <size>0x141</size>
         <input_file_ref idref="fl-f"/>
      </object_component>
      <object_component id="oc-4ab">
         <name>.debug_info</name>
         <load_address>0x5426</load_address>
         <run_address>0x5426</run_address>
         <size>0x1e1</size>
         <input_file_ref idref="fl-f"/>
      </object_component>
      <object_component id="oc-4dc">
         <name>.debug_info</name>
         <load_address>0x5607</load_address>
         <run_address>0x5607</run_address>
         <size>0x1bf</size>
         <input_file_ref idref="fl-f"/>
      </object_component>
      <object_component id="oc-48a">
         <name>.debug_info</name>
         <load_address>0x57c6</load_address>
         <run_address>0x57c6</run_address>
         <size>0x1e2</size>
         <input_file_ref idref="fl-f"/>
      </object_component>
      <object_component id="oc-4e3">
         <name>.debug_info</name>
         <load_address>0x59a8</load_address>
         <run_address>0x59a8</run_address>
         <size>0x1e3</size>
         <input_file_ref idref="fl-f"/>
      </object_component>
      <object_component id="oc-4b1">
         <name>.debug_info</name>
         <load_address>0x5b8b</load_address>
         <run_address>0x5b8b</run_address>
         <size>0x248</size>
         <input_file_ref idref="fl-f"/>
      </object_component>
      <object_component id="oc-271">
         <name>.debug_info</name>
         <load_address>0x5dd3</load_address>
         <run_address>0x5dd3</run_address>
         <size>0x195</size>
         <input_file_ref idref="fl-f"/>
      </object_component>
      <object_component id="oc-1b0">
         <name>.debug_info</name>
         <load_address>0x5f68</load_address>
         <run_address>0x5f68</run_address>
         <size>0x153</size>
         <input_file_ref idref="fl-f"/>
      </object_component>
      <object_component id="oc-57f">
         <name>.debug_info</name>
         <load_address>0x60bb</load_address>
         <run_address>0x60bb</run_address>
         <size>0x132</size>
         <input_file_ref idref="fl-f"/>
      </object_component>
      <object_component id="oc-37d">
         <name>.debug_info</name>
         <load_address>0x61ed</load_address>
         <run_address>0x61ed</run_address>
         <size>0x19d</size>
         <input_file_ref idref="fl-f"/>
      </object_component>
      <object_component id="oc-40a">
         <name>.debug_info</name>
         <load_address>0x638a</load_address>
         <run_address>0x638a</run_address>
         <size>0x133</size>
         <input_file_ref idref="fl-f"/>
      </object_component>
      <object_component id="oc-4bd">
         <name>.debug_info</name>
         <load_address>0x64bd</load_address>
         <run_address>0x64bd</run_address>
         <size>0x19f</size>
         <input_file_ref idref="fl-f"/>
      </object_component>
      <object_component id="oc-35e">
         <name>.debug_info</name>
         <load_address>0x665c</load_address>
         <run_address>0x665c</run_address>
         <size>0x2c</size>
         <input_file_ref idref="fl-f"/>
      </object_component>
      <object_component id="oc-450">
         <name>.debug_info</name>
         <load_address>0x6688</load_address>
         <run_address>0x6688</run_address>
         <size>0x127</size>
         <input_file_ref idref="fl-10"/>
      </object_component>
      <object_component id="oc-520">
         <name>.debug_info</name>
         <load_address>0x67af</load_address>
         <run_address>0x67af</run_address>
         <size>0x10b</size>
         <input_file_ref idref="fl-10"/>
      </object_component>
      <object_component id="oc-1a3">
         <name>.debug_info</name>
         <load_address>0x68ba</load_address>
         <run_address>0x68ba</run_address>
         <size>0x68f</size>
         <input_file_ref idref="fl-11"/>
      </object_component>
      <object_component id="oc-310">
         <name>.debug_info</name>
         <load_address>0x6f49</load_address>
         <run_address>0x6f49</run_address>
         <size>0x100</size>
         <input_file_ref idref="fl-11"/>
      </object_component>
      <object_component id="oc-49c">
         <name>.debug_info</name>
         <load_address>0x7049</load_address>
         <run_address>0x7049</run_address>
         <size>0xf5</size>
         <input_file_ref idref="fl-11"/>
      </object_component>
      <object_component id="oc-4d0">
         <name>.debug_info</name>
         <load_address>0x713e</load_address>
         <run_address>0x713e</run_address>
         <size>0xe7</size>
         <input_file_ref idref="fl-11"/>
      </object_component>
      <object_component id="oc-49f">
         <name>.debug_info</name>
         <load_address>0x7225</load_address>
         <run_address>0x7225</run_address>
         <size>0xf3</size>
         <input_file_ref idref="fl-11"/>
      </object_component>
      <object_component id="oc-4e9">
         <name>.debug_info</name>
         <load_address>0x7318</load_address>
         <run_address>0x7318</run_address>
         <size>0xed</size>
         <input_file_ref idref="fl-11"/>
      </object_component>
      <object_component id="oc-4d4">
         <name>.debug_info</name>
         <load_address>0x7405</load_address>
         <run_address>0x7405</run_address>
         <size>0x1cf</size>
         <input_file_ref idref="fl-11"/>
      </object_component>
      <object_component id="oc-4cb">
         <name>.debug_info</name>
         <load_address>0x75d4</load_address>
         <run_address>0x75d4</run_address>
         <size>0x21d</size>
         <input_file_ref idref="fl-11"/>
      </object_component>
      <object_component id="oc-485">
         <name>.debug_info</name>
         <load_address>0x77f1</load_address>
         <run_address>0x77f1</run_address>
         <size>0x166</size>
         <input_file_ref idref="fl-11"/>
      </object_component>
      <object_component id="oc-3b6">
         <name>.debug_info</name>
         <load_address>0x7957</load_address>
         <run_address>0x7957</run_address>
         <size>0x2e3</size>
         <input_file_ref idref="fl-11"/>
      </object_component>
      <object_component id="oc-3c8">
         <name>.debug_info</name>
         <load_address>0x7c3a</load_address>
         <run_address>0x7c3a</run_address>
         <size>0x383</size>
         <input_file_ref idref="fl-11"/>
      </object_component>
      <object_component id="oc-3c2">
         <name>.debug_info</name>
         <load_address>0x7fbd</load_address>
         <run_address>0x7fbd</run_address>
         <size>0x150</size>
         <input_file_ref idref="fl-11"/>
      </object_component>
      <object_component id="oc-3bc">
         <name>.debug_info</name>
         <load_address>0x810d</load_address>
         <run_address>0x810d</run_address>
         <size>0x178</size>
         <input_file_ref idref="fl-11"/>
      </object_component>
      <object_component id="oc-3ce">
         <name>.debug_info</name>
         <load_address>0x8285</load_address>
         <run_address>0x8285</run_address>
         <size>0x275</size>
         <input_file_ref idref="fl-11"/>
      </object_component>
      <object_component id="oc-3db">
         <name>.debug_info</name>
         <load_address>0x84fa</load_address>
         <run_address>0x84fa</run_address>
         <size>0x340</size>
         <input_file_ref idref="fl-11"/>
      </object_component>
      <object_component id="oc-3e1">
         <name>.debug_info</name>
         <load_address>0x883a</load_address>
         <run_address>0x883a</run_address>
         <size>0x237</size>
         <input_file_ref idref="fl-11"/>
      </object_component>
      <object_component id="oc-3e7">
         <name>.debug_info</name>
         <load_address>0x8a71</load_address>
         <run_address>0x8a71</run_address>
         <size>0x2a4</size>
         <input_file_ref idref="fl-11"/>
      </object_component>
      <object_component id="oc-3d5">
         <name>.debug_info</name>
         <load_address>0x8d15</load_address>
         <run_address>0x8d15</run_address>
         <size>0x283</size>
         <input_file_ref idref="fl-11"/>
      </object_component>
      <object_component id="oc-4b9">
         <name>.debug_info</name>
         <load_address>0x8f98</load_address>
         <run_address>0x8f98</run_address>
         <size>0x2a6</size>
         <input_file_ref idref="fl-11"/>
      </object_component>
      <object_component id="oc-4c4">
         <name>.debug_info</name>
         <load_address>0x923e</load_address>
         <run_address>0x923e</run_address>
         <size>0x1a9</size>
         <input_file_ref idref="fl-11"/>
      </object_component>
      <object_component id="oc-134">
         <name>.debug_info</name>
         <load_address>0x93e7</load_address>
         <run_address>0x93e7</run_address>
         <size>0x100</size>
         <input_file_ref idref="fl-11"/>
      </object_component>
      <object_component id="oc-237">
         <name>.debug_info</name>
         <load_address>0x94e7</load_address>
         <run_address>0x94e7</run_address>
         <size>0x2a7</size>
         <input_file_ref idref="fl-11"/>
      </object_component>
      <object_component id="oc-228">
         <name>.debug_info</name>
         <load_address>0x978e</load_address>
         <run_address>0x978e</run_address>
         <size>0x198</size>
         <input_file_ref idref="fl-11"/>
      </object_component>
      <object_component id="oc-13e">
         <name>.debug_info</name>
         <load_address>0x9926</load_address>
         <run_address>0x9926</run_address>
         <size>0x137</size>
         <input_file_ref idref="fl-11"/>
      </object_component>
      <object_component id="oc-55b">
         <name>.debug_info</name>
         <load_address>0x9a5d</load_address>
         <run_address>0x9a5d</run_address>
         <size>0x841</size>
         <input_file_ref idref="fl-12"/>
      </object_component>
      <object_component id="oc-558">
         <name>.debug_info</name>
         <load_address>0xa29e</load_address>
         <run_address>0xa29e</run_address>
         <size>0xe4</size>
         <input_file_ref idref="fl-12"/>
      </object_component>
      <object_component id="oc-553">
         <name>.debug_info</name>
         <load_address>0xa382</load_address>
         <run_address>0xa382</run_address>
         <size>0x163</size>
         <input_file_ref idref="fl-12"/>
      </object_component>
      <object_component id="oc-4a6">
[...]
         <name>PWM_init</name>
         <value>0x2000de79</value>
         <object_component_ref idref="oc-1bd"/>
      </symbol>
      <symbol id="sm-291">
         <name>PowerCC32XX_contextSave</name>
         <value>0x2000ec40</value>
      </symbol>
      <symbol id="sm-292">
         <name>PowerCC32XX_configureWakeup</name>
         <value>0x2000cfad</value>
         <object_component_ref idref="oc-270"/>
      </symbol>
      <symbol id="sm-293">
         <name>Power_registerNotify</name>
         <value>0x2000e3a5</value>
         <object_component_ref idref="oc-4b0"/>
      </symbol>
      <symbol id="sm-294">
         <name>PowerCC32XX_restoreParkedPin</name>
         <value>0x2000e34d</value>
         <object_component_ref idref="oc-532"/>
      </symbol>
      <symbol id="sm-295">
         <name>Power_releaseDependency</name>
         <value>0x2000d9bd</value>
         <object_component_ref idref="oc-489"/>
      </symbol>
      <symbol id="sm-296">
         <name>Power_unregisterNotify</name>
         <value>0x2000e461</value>
         <object_component_ref idref="oc-48f"/>
      </symbol>
      <symbol id="sm-297">
         <name>Power_sleep</name>
         <value>0x2000c891</value>
         <object_component_ref idref="oc-393"/>
      </symbol>
      <symbol id="sm-298">
         <name>Power_releaseConstraint</name>
         <value>0x2000dda9</value>
         <object_component_ref idref="oc-4e2"/>
      </symbol>
      <symbol id="sm-299">
         <name>Power_idleFunc</name>
         <value>0x2000e529</value>
         <object_component_ref idref="oc-57e"/>
      </symbol>
      <symbol id="sm-29a">
         <name>Power_getConstraintMask</name>
         <value>0x2000e6a5</value>
         <object_component_ref idref="oc-370"/>
      </symbol>
      <symbol id="sm-29b">
         <name>Power_init</name>
         <value>0x2000d58d</value>
         <object_component_ref idref="oc-1af"/>
      </symbol>
      <symbol id="sm-29c">
         <name>PowerCC32XX_setParkState</name>
         <value>0x2000d7e5</value>
         <object_component_ref idref="oc-4bc"/>
      </symbol>
      <symbol id="sm-29d">
         <name>Power_getDependencyCount</name>
         <value>0x2000e5c1</value>
         <object_component_ref idref="oc-52b"/>
      </symbol>
      <symbol id="sm-29e">
         <name>Power_enablePolicy</name>
         <value>0x2000e659</value>
         <object_component_ref idref="oc-409"/>
      </symbol>
      <symbol id="sm-29f">
         <name>Power_setConstraint</name>
         <value>0x2000e089</value>
         <object_component_ref idref="oc-4db"/>
      </symbol>
      <symbol id="sm-2a0">
         <name>PowerCC32XX_parkPin</name>
         <value>0x2000db59</value>
         <object_component_ref idref="oc-515"/>
      </symbol>
      <symbol id="sm-2a1">
         <name>PowerCC32XX_module</name>
         <value>0x2000e9c0</value>
         <object_component_ref idref="oc-276"/>
      </symbol>
      <symbol id="sm-2a2">
         <name>Power_getTransitionLatency</name>
         <value>0x2000e511</value>
         <object_component_ref idref="oc-37c"/>
      </symbol>
      <symbol id="sm-2a3">
         <name>Power_setDependency</name>
         <value>0x2000d695</value>
         <object_component_ref idref="oc-4aa"/>
      </symbol>
      <symbol id="sm-2b4">
         <name>PowerCC32XX_enterLPDS</name>
         <value>0x2000debd</value>
         <object_component_ref idref="oc-44d"/>
      </symbol>
      <symbol id="sm-2b5">
         <name>PowerCC32XX_resumeLPDS</name>
         <value>0x2000da15</value>
         <object_component_ref idref="oc-51e"/>
      </symbol>
      <symbol id="sm-3b6">
         <name>PWMTimerCC32XX_fxnTable</name>
         <value>0x2000e8e8</value>
         <object_component_ref idref="oc-30f"/>
      </symbol>
      <symbol id="sm-3b7">
         <name>PWMTimerCC32XX_setPeriod</name>
         <value>0x2000d235</value>
         <object_component_ref idref="oc-3d2"/>
      </symbol>
      <symbol id="sm-3b8">
         <name>PWMTimerCC32XX_setDutyAndPeriod</name>
         <value>0x2000c751</value>
         <object_component_ref idref="oc-3d8"/>
      </symbol>
      <symbol id="sm-3b9">
         <name>PWMTimerCC32XX_stop</name>
         <value>0x2000ccc9</value>
         <object_component_ref idref="oc-3e4"/>
      </symbol>
      <symbol id="sm-3ba">
         <name>PWMTimerCC32XX_start</name>
         <value>0x2000d715</value>
         <object_component_ref idref="oc-3de"/>
      </symbol>
      <symbol id="sm-3bb">
         <name>PWMTimerCC32XX_close</name>
         <value>0x2000d47d</value>
         <object_component_ref idref="oc-3b4"/>
      </symbol>
      <symbol id="sm-3bc">
         <name>PWMTimerCC32XX_setDuty</name>
         <value>0x2000ce4d</value>
         <object_component_ref idref="oc-3cc"/>
      </symbol>
      <symbol id="sm-3bd">
         <name>PWMTimerCC32XX_init</name>
         <value>0x2000da67</value>
         <object_component_ref idref="oc-3c0"/>
      </symbol>
      <symbol id="sm-3be">
         <name>PWMTimerCC32XX_control</name>
         <value>0x2000e6d9</value>
         <object_component_ref idref="oc-3ba"/>
      </symbol>
      <symbol id="sm-3bf">
         <name>PWMTimerCC32XX_open</name>
         <value>0x2000cbd9</value>
         <object_component_ref idref="oc-3c6"/>
      </symbol>
      <symbol id="sm-3f5">
         <name>TimerCC32XX_freeTimerResource</name>
         <value>0x2000e2b5</value>
         <object_component_ref idref="oc-47d"/>
      </symbol>
      <symbol id="sm-3f6">
         <name>TimerCC32XX_allocateTimerResource</name>
         <value>0x2000db09</value>
         <object_component_ref idref="oc-4a4"/>
      </symbol>
      <symbol id="sm-40f">
         <name>List_remove</name>
         <value>0x2000e3f3</value>
         <object_component_ref idref="oc-55e"/>
      </symbol>
      <symbol id="sm-410">
         <name>List_put</name>
         <value>0x2000e3cd</value>
         <object_component_ref idref="oc-56c"/>
      </symbol>
      <symbol id="sm-46f">
         <name>SemaphoreP_defaultParams</name>
         <value>0x2000ec24</value>
         <object_component_ref idref="oc-4ec"/>
      </symbol>
      <symbol id="sm-470">
         <name>SemaphoreP_construct</name>
         <value>0x2000dab9</value>
         <object_component_ref idref="oc-32a"/>
      </symbol>
      <symbol id="sm-471">
         <name>SemaphoreP_destruct</name>
         <value>0x2000e6a3</value>
         <object_component_ref idref="oc-336"/>
      </symbol>
      <symbol id="sm-472">
         <name>SemaphoreP_pend</name>
         <value>0x2000d0f9</value>
         <object_component_ref idref="oc-330"/>
      </symbol>
      <symbol id="sm-473">
         <name>SemaphoreP_Params_init</name>
         <value>0x2000e669</value>
         <object_component_ref idref="oc-3f2"/>
      </symbol>
      <symbol id="sm-474">
         <name>clkFxn</name>
         <value>0x2000e6f3</value>
         <object_component_ref idref="oc-41b"/>
      </symbol>
      <symbol id="sm-554">
         <name>ClockP_ctrl</name>
         <value>0x2000edb8</value>
      </symbol>
      <symbol id="sm-555">
         <name>ClockP_doTick</name>
         <value>0x2000da69</value>
         <object_component_ref idref="oc-79"/>
      </symbol>
      <symbol id="sm-556">
         <name>ClockP_startup</name>
         <value>0x2000e24d</value>
         <object_component_ref idref="oc-29e"/>
      </symbol>
      <symbol id="sm-557">
         <name>ClockP_stop</name>
         <value>0x2000ddf1</value>
         <object_component_ref idref="oc-4fa"/>
      </symbol>
      <symbol id="sm-558">
         <name>ClockP_getTicksUntilInterrupt</name>
         <value>0x2000e219</value>
         <object_component_ref idref="oc-376"/>
      </symbol>
      <symbol id="sm-559">
         <name>ClockP_setTicks</name>
         <value>0x2000e639</value>
         <object_component_ref idref="oc-399"/>
      </symbol>
      <symbol id="sm-55a">
         <name>ClockP_tickPeriod</name>
         <value>0x2000ec34</value>
         <object_component_ref idref="oc-2b0"/>
      </symbol>
      <symbol id="sm-55b">
         <name>ClockP_usleep</name>
         <value>0x2000dc89</value>
         <object_component_ref idref="oc-1ea"/>
      </symbol>
      <symbol id="sm-55c">
         <name>ClockP_getSystemTicks</name>
         <value>0x2000e629</value>
         <object_component_ref idref="oc-382"/>
      </symbol>
      <symbol id="sm-55d">
         <name>ClockP_destruct</name>
         <value>0x2000e04d</value>
         <object_component_ref idref="oc-415"/>
      </symbol>
      <symbol id="sm-55e">
         <name>ClockP_start</name>
         <value>0x2000e31d</value>
         <object_component_ref idref="oc-403"/>
      </symbol>
      <symbol id="sm-55f">
         <name>ClockP_sysTickHandler</name>
         <value>0x2000da69</value>
         <object_component_ref idref="oc-79"/>
      </symbol>
      <symbol id="sm-560">
         <name>ClockP_isActive</name>
         <value>0x2000e6b1</value>
         <object_component_ref idref="oc-40f"/>
      </symbol>
      <symbol id="sm-561">
         <name>ClockP_getCpuFreq</name>
         <value>0x2000e619</value>
         <object_component_ref idref="oc-364"/>
      </symbol>
      <symbol id="sm-562">
         <name>ClockP_add</name>
         <value>0x2000e609</value>
         <object_component_ref idref="oc-3fd"/>
      </symbol>
      <symbol id="sm-594">
         <name>HwiP_swiPIntNum</name>
         <value>0x2000ec30</value>
         <object_component_ref idref="oc-478"/>
      </symbol>
      <symbol id="sm-595">
         <name>HwiP_disable</name>
         <value>0x2000e679</value>
         <object_component_ref idref="oc-27e"/>
      </symbol>
      <symbol id="sm-596">
         <name>HwiP_key</name>
         <value>0x2000ec2c</value>
         <object_component_ref idref="oc-478"/>
      </symbol>
      <symbol id="sm-597">
         <name>HwiP_post</name>
         <value>0x2000e6e5</value>
         <object_component_ref idref="oc-472"/>
      </symbol>
      <symbol id="sm-598">
         <name>HwiP_enable</name>
         <value>0x2000e687</value>
         <object_component_ref idref="oc-158"/>
      </symbol>
      <symbol id="sm-599">
         <name>HwiP_restore</name>
         <value>0x2000e649</value>
         <object_component_ref idref="oc-284"/>
      </symbol>
      <symbol id="sm-5c9">
         <name>PowerCC32XX_initPolicy</name>
         <value>0x2000e50f</value>
         <object_component_ref idref="oc-2f7"/>
      </symbol>
      <symbol id="sm-5ca">
         <name>PowerCC32XX_sleepPolicy</name>
         <value>0x2000c46d</value>
         <object_component_ref idref="oc-2fd"/>
      </symbol>
      <symbol id="sm-61f">
         <name>resetISR</name>
         <value>0x2000e4f5</value>
         <object_component_ref idref="oc-21"/>
      </symbol>
      <symbol id="sm-620">
         <name>resetVectorAddr</name>
         <value>0x2000e508</value>
         <object_component_ref idref="oc-21"/>
      </symbol>
      <symbol id="sm-621">
         <name>initVectors</name>
         <value>0x2000e1a9</value>
         <object_component_ref idref="oc-59"/>
      </symbol>
      <symbol id="sm-622">
         <name>resetVectors</name>
         <value>0x20004000</value>
         <object_component_ref idref="oc-27"/>
      </symbol>
      <symbol id="sm-652">
         <name>SwiP_disable</name>
         <value>0x2000e4bd</value>
         <object_component_ref idref="oc-36a"/>
      </symbol>
      <symbol id="sm-653">
         <name>SwiP_restore</name>
         <value>0x2000df01</value>
         <object_component_ref idref="oc-39f"/>
      </symbol>
      <symbol id="sm-65e">
         <name>CPUcpsid</name>
         <value>0x2000e585</value>
         <object_component_ref idref="oc-a3"/>
      </symbol>
      <symbol id="sm-6a3">
         <name>IntVTableBaseSet</name>
         <value>0x2000e599</value>
         <object_component_ref idref="oc-af"/>
      </symbol>
      <symbol id="sm-6a4">
         <name>IntEnable</name>
         <value>0x2000cf05</value>
         <object_component_ref idref="oc-b5"/>
      </symbol>
      <symbol id="sm-6a5">
         <name>IntMasterDisable</name>
         <value>0x2000e6bb</value>
         <object_component_ref idref="oc-53"/>
      </symbol>
      <symbol id="sm-6a6">
         <name>IntPendSet</name>
         <value>0x2000d3f5</value>
         <object_component_ref idref="oc-541"/>
      </symbol>
      <symbol id="sm-6e0">
         <name>PinModeGet</name>
         <value>0x2000e281</value>
         <object_component_ref idref="oc-263"/>
      </symbol>
      <symbol id="sm-6e1">
         <name>PinConfigSet</name>
         <value>0x2000d505</value>
         <object_component_ref idref="oc-587"/>
      </symbol>
      <symbol id="sm-6e2">
         <name>PinModeSet</name>
         <value>0x2000e00d</value>
         <object_component_ref idref="oc-269"/>
      </symbol>
      <symbol id="sm-6e3">
         <name>PinToPadGet</name>
         <value>0x2000e4a1</value>
         <object_component_ref idref="oc-495"/>
      </symbol>
      <symbol id="sm-7ac">
         <name>PRCMLPDSRestoreInfoSet</name>
         <value>0x2000de35</value>
         <object_component_ref idref="oc-523"/>
      </symbol>
      <symbol id="sm-7ad">
         <name>PRCMPeripheralReset</name>
         <value>0x2000d965</value>
         <object_component_ref idref="oc-257"/>
      </symbol>
      <symbol id="sm-7ae">
         <name>PRCMLPDSEnter</name>
         <value>0x2000dd19</value>
         <object_component_ref idref="oc-464"/>
      </symbol>
      <symbol id="sm-7af">
         <name>PRCMPeripheralClkEnable</name>
         <value>0x2000dd61</value>
         <object_component_ref idref="oc-251"/>
      </symbol>
      <symbol id="sm-7b0">
         <name>PRCMLPDSEnterKeepDebugIf</name>
         <value>0x2000e139</value>
         <object_component_ref idref="oc-46a"/>
      </symbol>
      <symbol id="sm-7b1">
         <name>PRCMCC3200MCUInit</name>
         <value>0x2000c041</value>
         <object_component_ref idref="oc-1a9"/>
      </symbol>
      <symbol id="sm-7b2">
         <name>PRCMHIBRegWrite</name>
         <value>0x2000e56f</value>
         <object_component_ref idref="oc-245"/>
      </symbol>
      <symbol id="sm-7b3">
         <name>PRCMSysResetCauseGet</name>
         <value>0x2000d849</value>
         <object_component_ref idref="oc-23e"/>
      </symbol>
      <symbol id="sm-7b4">
         <name>PRCMPeripheralClkDisable</name>
         <value>0x2000e37d</value>
         <object_component_ref idref="oc-25d"/>
      </symbol>
      <symbol id="sm-7b5">
         <name>PRCMHIBRegRead</name>
         <value>0x2000e559</value>
         <object_component_ref idref="oc-24b"/>
      </symbol>
      <symbol id="sm-7ba">
         <name>UtilsDelay</name>
         <value>0x2000e6df</value>
         <object_component_ref idref="oc-244"/>
      </symbol>
      <symbol id="sm-7ca">
         <name>FlashDisable</name>
         <value>0x2000dcd1</value>
         <object_component_ref idref="oc-539"/>
      </symbol>
      <symbol id="sm-7d5">
         <name>__aeabi_dmul</name>
         <value>0x2000cadd</value>
         <object_component_ref idref="oc-1da"/>
      </symbol>
      <symbol id="sm-7df">
         <name>__aeabi_d2uiz</name>
         <value>0x2000df89</value>
         <object_component_ref idref="oc-1df"/>
      </symbol>
      <symbol id="sm-7e8">
         <name>__aeabi_lmul</name>
         <value>0x2000e541</value>
         <object_component_ref idref="oc-324"/>
      </symbol>
      <symbol id="sm-803">
         <name>memcpy</name>
         <value>0x2000d199</value>
         <object_component_ref idref="oc-3b"/>
      </symbol>
      <symbol id="sm-804">
         <name>__aeabi_memcpy</name>
         <value>0x2000d199</value>
         <object_component_ref idref="oc-3b"/>
      </symbol>
      <symbol id="sm-805">
         <name>__aeabi_memcpy8</name>
         <value>0x2000d199</value>
         <object_component_ref idref="oc-3b"/>
      </symbol>
      <symbol id="sm-806">
         <name>__aeabi_memcpy4</name>
         <value>0x2000d199</value>
         <object_component_ref idref="oc-3b"/>
      </symbol>
      <symbol id="sm-810">
         <name>__aeabi_ui2d</name>
         <value>0x2000e481</value>
         <object_component_ref idref="oc-1d5"/>
      </symbol>
      <symbol id="sm-81d">
         <name>__aeabi_uldivmod</name>
         <value>0x2000d2cd</value>
         <object_component_ref idref="oc-38e"/>
      </symbol>
      <symbol id="sm-831">
         <name>__TI_zero_init_nomemset</name>
         <value>0x2000e4d9</value>
         <object_component_ref idref="oc-47"/>
      </symbol>
      <symbol id="sm-848">
         <name>__TI_decompress_none</name>
         <value>0x2000e695</value>
         <object_component_ref idref="oc-1a"/>
      </symbol>
      <symbol id="sm-86b">
         <name>__TI_decompress_lzss</name>
         <value>0x2000d77d</value>
         <object_component_ref idref="oc-14"/>
      </symbol>
      <symbol id="sm-880">
         <name>_sys_memory</name>
         <value>0x20004040</value>
         <object_component_ref idref="oc-2a"/>
      </symbol>
      <symbol id="sm-892">
         <name>__stack</name>
         <value>0x20003000</value>
         <object_component_ref idref="oc-2d"/>
      </symbol>
      <symbol id="sm-893">
         <name>_c_int00_noargs</name>
         <value>0x2000e419</value>
         <object_component_ref idref="oc-c5"/>
      </symbol>
      <symbol id="sm-89d">
         <name>__aeabi_idiv0</name>
         <value>0x2000e6fb</value>
         <object_component_ref idref="oc-435"/>
      </symbol>
      <symbol id="sm-89e">
         <name>__aeabi_ldiv0</name>
         <value>0x2000e6fb</value>
         <object_component_ref idref="oc-435"/>
      </symbol>
      <symbol id="sm-8c7">
         <name>__TI_auto_init_nobinit_nopinit</name>
         <value>0x2000df45</value>
         <object_component_ref idref="oc-171"/>
      </symbol>
      <symbol id="sm-8d1">
         <name>_system_pre_init</name>
         <value>0x2000e6e9</value>
         <object_component_ref idref="oc-114"/>
      </symbol>
      <symbol id="sm-8dd">
         <name>C$$EXIT</name>
         <value>0x2000e6ed</value>
         <object_component_ref idref="oc-165"/>
      </symbol>
      <symbol id="sm-8de">
         <name>abort</name>
         <value>0x2000e6ed</value>
         <object_component_ref idref="oc-165"/>
      </symbol>
      <symbol id="sm-8e1">
         <name>__TI_static_base__</name>
         <value>0x2000ede0</value>
      </symbol>
      <symbol id="sm-8e4">
         <name>ITM_flush</name>
         <value>0x0</value>
      </symbol>
      <symbol id="sm-8e5">
         <name>ITM_restore</name>
         <value>0x0</value>
      </symbol>
      <symbol id="sm-8e6">
         <name>__mpu_init</name>
         <value>0x0</value>
      </symbol>
      <symbol id="sm-8e7">
         <name>_system_post_cinit</name>
         <value>0x0</value>
      </symbol>
      <symbol id="sm-8e8">
         <name>usleep</name>
         <value>0x2000dc89</value>
      </symbol>
      <symbol id="sm-8e9">
         <name>NoRTOS_start</name>
         <value>0x2000e687</value>
      </symbol>
   </symbol_table>
   <title>Link successful</title>
</link_info>
