******************************************************************************
                  TI ARM Linker PC v20.2.5                     
******************************************************************************
>> Linked Sat Oct 30 08:35:15 2021

OUTPUT FILE NAME:   <pwmled2_CC3220S_LAUNCHXL_nortos_ccs.out>
ENTRY POINT SYMBOL: "resetISR"  address: 2000e4f5


MEMORY CONFIGURATION

         name            origin    length      used     unused   attr    fill
----------------------  --------  ---------  --------  --------  ----  --------
  SRAM2                 20000000   00004000  0000130c  00002cf4  RW X
  SRAM                  20004000   0003c000  0000aeb0  00031150  RW X
  LOG_DATA              90000000   00040000  00000000  00040000  R   


SEGMENT ALLOCATION MAP

run origin  load origin   length   init length attrs members
----------  ----------- ---------- ----------- ----- -------
20003000    20003000    00001000   00000000    rw-
  20003000    20003000    00001000   00000000    rw- .stack
20004000    20004000    00000040   00000040    r--
  20004000    20004000    00000040   00000040    r-- .resetVecs
20004040    20004040    00008000   00000000    rw-
  20004040    20004040    00008000   00000000    rw- .sysmem
2000c040    2000c040    0000297f   0000297f    r-x
  2000c040    2000c040    000026bc   000026bc    r-x .text
  2000e6fc    2000e6fc    000002c3   000002c3    r-- .const
2000e9c0    2000e9c0    0000041c   00000000    rw-
  2000e9c0    2000e9c0    0000027d   00000000    rw- .data
  2000ec40    2000ec40    0000019c   00000000    rw- .bss
2000ede0    2000ede0    000000d8   000000d8    r--
  2000ede0    2000ede0    000000d8   000000d8    r-- .cinit


SECTION ALLOCATION MAP

 output                                  attributes/
section   page    origin      length       input sections
--------  ----  ----------  ----------   ----------------
.text      0    2000c040    000026bc     
                  2000c040    0000042c     driverlib.a : prcm.obj (.text:PRCMCC3200MCUInit)
                  2000c46c    0000019c     nortos_cc32xx.a : PowerCC32XX_nortos.oem4 (.text:PowerCC32XX_sleepPolicy)
                  2000c608    00000148     drivers_cc32xx.a : PowerCC32XX.oem4 (.text:parkPins)
                  2000c750    00000140                      : PWMTimerCC32XX.oem4 (.text:PWMTimerCC32XX_setDutyAndPeriod)
                  2000c890    00000138                      : PowerCC32XX.oem4 (.text:Power_sleep)
                  2000c9c8    00000114     pwmled2.obj (.text:mainThread)
                  2000cadc    000000fc     rtsv7M4_T_le_eabi.lib : fd_mul_t2.asm.obj (.text)
                  2000cbd8    000000f0     drivers_cc32xx.a : PWMTimerCC32XX.oem4 (.text:PWMTimerCC32XX_open)
                  2000ccc8    000000c4                      : PWMTimerCC32XX.oem4 (.text:PWMTimerCC32XX_stop)
                  2000cd8c    000000c0                      : PowerCC32XX.oem4 (.text:restoreParkedPins)
                  2000ce4c    000000b8                      : PWMTimerCC32XX.oem4 (.text:PWMTimerCC32XX_setDuty)
                  2000cf04    000000a8     driverlib.a : interrupt.obj (.text:IntEnable)
                  2000cfac    000000a8     drivers_cc32xx.a : PowerCC32XX.oem4 (.text:PowerCC32XX_configureWakeup)
                  2000d054    000000a4                      : PWMTimerCC32XX.oem4 (.text:initHw)
                  2000d0f8    000000a0     nortos_cc32xx.a : SemaphoreP_nortos.oem4 (.text:SemaphoreP_pend)
                  2000d198    0000009c     rtsv7M4_T_le_eabi.lib : memcpy_t2.asm.obj (.text)
                  2000d234    00000098     drivers_cc32xx.a : PWMTimerCC32XX.oem4 (.text:PWMTimerCC32XX_setPeriod)
                  2000d2cc    00000096     rtsv7M4_T_le_eabi.lib : ull_div_t2.asm.obj (.text)
                  2000d362    00000002     ti_drivers_config.obj (.text:Board_initHook)
                  2000d364    00000090     drivers_cc32xx.a : PowerCC32XX.oem4 (.text:restoreNVICRegs)
                  2000d3f4    00000088     driverlib.a : interrupt.obj (.text:IntPendSet)
                  2000d47c    00000088     drivers_cc32xx.a : PWMTimerCC32XX.oem4 (.text:PWMTimerCC32XX_close)
                  2000d504    00000088     driverlib.a : pin.obj (.text:PinConfigSet)
                  2000d58c    00000084     drivers_cc32xx.a : PowerCC32XX.oem4 (.text:Power_init)
                  2000d610    00000084                      : PowerCC32XX.oem4 (.text:saveNVICRegs)
                  2000d694    00000080                      : PowerCC32XX.oem4 (.text:Power_setDependency)
                  2000d714    00000068                      : PWMTimerCC32XX.oem4 (.text:PWMTimerCC32XX_start)
                  2000d77c    00000068     rtsv7M4_T_le_eabi.lib : copy_decompress_lzss.c.obj (.text:decompress:lzss:__TI_decompress_lzss)
                  2000d7e4    00000064     drivers_cc32xx.a : PowerCC32XX.oem4 (.text:PowerCC32XX_setParkState)
                  2000d848    00000060     driverlib.a : prcm.obj (.text:PRCMSysResetCauseGet)
                  2000d8a8    00000060     nortos_cc32xx.a : ClockPSysTick_nortos.oem4 (.text:getTimeUsec)
                  2000d908    0000005c                     : ClockPSysTick_nortos.oem4 (.text:sysTickInit)
                  2000d964    00000058     driverlib.a : prcm.obj (.text:PRCMPeripheralReset)
                  2000d9bc    00000058     drivers_cc32xx.a : PowerCC32XX.oem4 (.text:Power_releaseDependency)
                  2000da14    00000052                      : PowerCC32XX_asm.oem4 (.text:PowerCC32XX_resumeLPDS)
                  2000da66    00000002                      : PWMTimerCC32XX.oem4 (.text:PWMTimerCC32XX_init)
                  2000da68    00000050     nortos_cc32xx.a : ClockPSysTick_nortos.oem4 (.text:ClockP_sysTickHandler)
                  2000dab8    00000050                     : SemaphoreP_nortos.oem4 (.text:SemaphoreP_construct)
                  2000db08    00000050     drivers_cc32xx.a : TimerCC32XX.oem4 (.text:TimerCC32XX_allocateTimerResource)
                  2000db58    0000004c                      : PowerCC32XX.oem4 (.text:PowerCC32XX_parkPin)
                  2000dba4    0000004c                      : PWMTimerCC32XX.oem4 (.text:getDutyCounts)
                  2000dbf0    0000004c                      : PWMTimerCC32XX.oem4 (.text:getPeriodCounts)
                  2000dc3c    0000004c                      : PowerCC32XX.oem4 (.text:restorePeriphClocks)
                  2000dc88    00000048     nortos_cc32xx.a : ClockPSysTick_nortos.oem4 (.text:ClockP_usleep)
                  2000dcd0    00000048     driverlib.a : flash.obj (.text:FlashDisable)
                  2000dd18    00000048                 : prcm.obj (.text:PRCMLPDSEnter)
                  2000dd60    00000048                 : prcm.obj (.text:PRCMPeripheralClkEnable)
                  2000dda8    00000048     drivers_cc32xx.a : PowerCC32XX.oem4 (.text:Power_releaseConstraint)
                  2000ddf0    00000044     nortos_cc32xx.a : ClockPSysTick_nortos.oem4 (.text:ClockP_stop)
                  2000de34    00000044     driverlib.a : prcm.obj (.text:PRCMLPDSRestoreInfoSet)
                  2000de78    00000044     drivers_cc32xx.a : PWM.oem4 (.text:PWM_init)
                  2000debc    00000044                      : PowerCC32XX_asm.oem4 (.text:PowerCC32XX_enterLPDS)
                  2000df00    00000044     nortos_cc32xx.a : SwiP_nortos.oem4 (.text:SwiP_restore)
                  2000df44    00000044     rtsv7M4_T_le_eabi.lib : autoinit.c.obj (.text:__TI_auto_init_nobinit_nopinit:__TI_auto_init_nobinit_nopinit)
                  2000df88    00000044                           : fd_tou_t2.asm.obj (.text)
                  2000dfcc    00000040     drivers_cc32xx.a : PWM.oem4 (.text:PWM_open)
                  2000e00c    00000040     driverlib.a : pin.obj (.text:PinModeSet)
                  2000e04c    0000003c     nortos_cc32xx.a : ClockPSysTick_nortos.oem4 (.text:ClockP_destruct)
                  2000e088    0000003c     drivers_cc32xx.a : PowerCC32XX.oem4 (.text:Power_setConstraint)
                  2000e0c4    0000003a     nortos_cc32xx.a : PowerCC32XX_nortos.oem4 (.text:getCountsRTC)
                  2000e0fe    0000003a     drivers_cc32xx.a : PWMTimerCC32XX.oem4 (.text:getPowerMgrId)
                  2000e138    00000038     driverlib.a : prcm.obj (.text:PRCMLPDSEnterKeepDebugIf)
                  2000e170    00000038     nortos_cc32xx.a : ClockPSysTick_nortos.oem4 (.text:addToList)
                  2000e1a8    00000038                     : startup_cc32xx_ccs.oem4 (.text:initVectors)
                  2000e1e0    00000038     drivers_cc32xx.a : PowerCC32XX.oem4 (.text:notify)
                  2000e218    00000034     nortos_cc32xx.a : ClockPSysTick_nortos.oem4 (.text:ClockP_getTicksUntilInterrupt)
                  2000e24c    00000034                     : ClockPSysTick_nortos.oem4 (.text:ClockP_startup)
                  2000e280    00000034     driverlib.a : pin.obj (.text:PinModeGet)
                  2000e2b4    00000034     drivers_cc32xx.a : TimerCC32XX.oem4 (.text:TimerCC32XX_freeTimerResource)
                  2000e2e8    00000034                      : TimerCC32XX.oem4 (.text:getPowerMgrId)
                  2000e31c    00000030     nortos_cc32xx.a : ClockPSysTick_nortos.oem4 (.text:ClockP_start)
                  2000e34c    00000030     drivers_cc32xx.a : PowerCC32XX.oem4 (.text:PowerCC32XX_restoreParkedPin)
                  2000e37c    00000028     driverlib.a : prcm.obj (.text:PRCMPeripheralClkDisable)
                  2000e3a4    00000028     drivers_cc32xx.a : PowerCC32XX.oem4 (.text:Power_registerNotify)
                  2000e3cc    00000026                      : List.oem4 (.text:List_put)
                  2000e3f2    00000026                      : List.oem4 (.text:List_remove)
                  2000e418    00000024     rtsv7M4_T_le_eabi.lib : boot_cortex_m.c.obj (.text:_c_int00_noargs:_c_int00_noargs)
                  2000e43c    00000024     nortos_cc32xx.a : ClockPSysTick_nortos.oem4 (.text:sleepTicks)
                  2000e460    00000020     drivers_cc32xx.a : PowerCC32XX.oem4 (.text:Power_unregisterNotify)
                  2000e480    00000020     rtsv7M4_T_le_eabi.lib : u_tofd_t2.asm.obj (.text)
                  2000e4a0    0000001c     driverlib.a : pin.obj (.text:PinToPadGet)
                  2000e4bc    0000001c     nortos_cc32xx.a : SwiP_nortos.oem4 (.text:SwiP_disable)
                  2000e4d8    0000001c     rtsv7M4_T_le_eabi.lib : copy_zero_init.c.obj (.text:decompress:ZI:__TI_zero_init_nomemset:__TI_zero_init_nomemset)
                  2000e4f4    0000001a     nortos_cc32xx.a : startup_cc32xx_ccs.oem4 (.text:resetISR)
                  2000e50e    00000002                     : PowerCC32XX_nortos.oem4 (.text:PowerCC32XX_initPolicy)
                  2000e510    00000018     drivers_cc32xx.a : PowerCC32XX.oem4 (.text:Power_getTransitionLatency)
                  2000e528    00000018                      : PowerCC32XX.oem4 (.text:Power_idleFunc)
                  2000e540    00000018     rtsv7M4_T_le_eabi.lib : ll_mul_t2.asm.obj (.text)
                  2000e558    00000016     driverlib.a : prcm.obj (.text:PRCMHIBRegRead)
                  2000e56e    00000016                 : prcm.obj (.text:PRCMHIBRegWrite)
                  2000e584    00000014                 : cpu.obj (.text:CPUcpsid)
                  2000e598    00000014                 : interrupt.obj (.text:IntVTableBaseSet)
                  2000e5ac    00000014     drivers_cc32xx.a : PWM.oem4 (.text:PWM_Params_init)
                  2000e5c0    00000014                      : PowerCC32XX.oem4 (.text:Power_getDependencyCount)
                  2000e5d4    00000012     main_nortos.obj (.text:main)
                  2000e5e6    00000012     drivers_cc32xx.a : PWMTimerCC32XX.oem4 (.text:postNotifyFxn)
                  2000e5f8    00000010     ti_drivers_config.obj (.text:Board_init)
                  2000e608    00000010     nortos_cc32xx.a : ClockPSysTick_nortos.oem4 (.text:ClockP_add)
                  2000e618    00000010                     : ClockPSysTick_nortos.oem4 (.text:ClockP_getCpuFreq)
                  2000e628    00000010                     : ClockPSysTick_nortos.oem4 (.text:ClockP_getSystemTicks)
                  2000e638    00000010                     : ClockPSysTick_nortos.oem4 (.text:ClockP_setTicks)
                  2000e648    00000010                     : HwiPCC32XX_nortos.oem4 (.text:HwiP_restore)
                  2000e658    00000010     drivers_cc32xx.a : PowerCC32XX.oem4 (.text:Power_enablePolicy)
                  2000e668    00000010     nortos_cc32xx.a : SemaphoreP_nortos.oem4 (.text:SemaphoreP_Params_init)
                  2000e678    0000000e                     : HwiPCC32XX_nortos.oem4 (.text:HwiP_disable)
                  2000e686    0000000e                     : HwiPCC32XX_nortos.oem4 (.text:HwiP_enable)
                  2000e694    0000000e     rtsv7M4_T_le_eabi.lib : copy_decompress_none.c.obj (.text:decompress:none:__TI_decompress_none)
                  2000e6a2    00000002     nortos_cc32xx.a : SemaphoreP_nortos.oem4 (.text:SemaphoreP_destruct)
                  2000e6a4    0000000c     drivers_cc32xx.a : PowerCC32XX.oem4 (.text:Power_getConstraintMask)
                  2000e6b0    0000000a     nortos_cc32xx.a : ClockPSysTick_nortos.oem4 (.text:ClockP_isActive)
                  2000e6ba    0000000a     driverlib.a : interrupt.obj (.text:IntMasterDisable)
                  2000e6c4    0000000a     drivers_cc32xx.a : PWM.oem4 (.text:PWM_setDuty)
                  2000e6ce    0000000a                      : PWM.oem4 (.text:PWM_start)
                  2000e6d8    00000006                      : PWMTimerCC32XX.oem4 (.text:PWMTimerCC32XX_control)
                  2000e6de    00000006     driverlib.a : utils.obj (.text:UtilsDelay)
                  2000e6e4    00000004     nortos_cc32xx.a : HwiPCC32XX_nortos.oem4 (.text:HwiP_post)
                  2000e6e8    00000004     rtsv7M4_T_le_eabi.lib : pre_init.c.obj (.text:_system_pre_init)
                  2000e6ec    00000004                           : exit.c.obj (.text:abort:abort)
                  2000e6f0    00000002     nortos_cc32xx.a : startup_cc32xx_ccs.oem4 (.text:busFaultHandler)
                  2000e6f2    00000002                     : SemaphoreP_nortos.oem4 (.text:clkFxn)
                  2000e6f4    00000002                     : startup_cc32xx_ccs.oem4 (.text:defaultHandler)
                  2000e6f6    00000002                     : startup_cc32xx_ccs.oem4 (.text:faultISR)
                  2000e6f8    00000002                     : startup_cc32xx_ccs.oem4 (.text:nmiISR)
                  2000e6fa    00000002     rtsv7M4_T_le_eabi.lib : div0.asm.obj (.text)

.const     0    2000e6fc    000002c3     
                  2000e6fc    00000100     driverlib.a : pin.obj (.const:g_ulPinToPadMap)
                  2000e7fc    000000a8                 : prcm.obj (.const:PRCM_PeriphRegsList)
                  2000e8a4    00000044     ti_drivers_config.obj (.const:PowerCC32XX_config)
                  2000e8e8    00000024     drivers_cc32xx.a : PWMTimerCC32XX.oem4 (.const:PWMTimerCC32XX_fxnTable)
                  2000e90c    00000020                      : PWMTimerCC32XX.oem4 (.const:gpioPinIndexes)
                  2000e92c    00000018     ti_drivers_config.obj (.const:PWM_config)
                  2000e944    00000018     drivers_cc32xx.a : PWM.oem4 (.const:PWM_defaultParams)
                  2000e95c    00000018     driverlib.a : interrupt.obj (.const:g_pulEnRegs)
                  2000e974    00000018                 : interrupt.obj (.const:g_pulPendRegs)
                  2000e98c    00000010     drivers_cc32xx.a : PWMTimerCC32XX.oem4 (.const:gpioBaseAddresses)
                  2000e99c    00000010                      : PWMTimerCC32XX.oem4 (.const:timerBaseAddresses)
                  2000e9ac    00000008     ti_drivers_config.obj (.const:pwmTimerCC32XXHWAttrs)
                  2000e9b4    00000008     drivers_cc32xx.a : PWMTimerCC32XX.oem4 (.const:timerHalves)
                  2000e9bc    00000003     ti_drivers_config.obj (.const)

.cinit     0    2000ede0    000000d8     
                  2000ede0    000000b0     (.cinit..data.load) [load image, compression = lzss]
                  2000ee90    0000000c     (__TI_handler_table)
                  2000ee9c    00000004     --HOLE-- [fill = 0]
                  2000eea0    00000008     (.cinit..bss.load) [load image, compression = zero_init]
                  2000eea8    00000010     (__TI_cinit_table)

.init_array 
*          0    20004000    00000000     UNINITIALIZED

.ramVecs   0    20000000    0000030c     NOLOAD SECTION
                  20000000    0000030c     nortos_cc32xx.a : startup_cc32xx_ccs.oem4 (.ramVecs)

.stack     0    20003000    00001000     UNINITIALIZED
                  20003000    00000004     rtsv7M4_T_le_eabi.lib : boot_cortex_m.c.obj (.stack)
                  20003004    00000ffc     --HOLE--

.resetVecs 
*          0    20004000    00000040     
                  20004000    00000040     nortos_cc32xx.a : startup_cc32xx_ccs.oem4 (.resetVecs:retain)

.sysmem    0    20004040    00008000     UNINITIALIZED
                  20004040    00000010     rtsv7M4_T_le_eabi.lib : memory.c.obj (.sysmem)
                  20004050    00007ff0     --HOLE--

.data      0    2000e9c0    0000027d     UNINITIALIZED
                  2000e9c0    0000016c     drivers_cc32xx.a : PowerCC32XX.oem4 (.data:PowerCC32XX_module)
                  2000eb2c    000000f8     ti_drivers_config.obj (.data:parkInfo)
                  2000ec24    00000008     nortos_cc32xx.a : SemaphoreP_nortos.oem4 (.data:SemaphoreP_defaultParams)
                  2000ec2c    00000008                     : HwiPCC32XX_nortos.oem4 (.data)
                  2000ec34    00000005                     : ClockPSysTick_nortos.oem4 (.data)
                  2000ec39    00000003                     : SemaphoreP_nortos.oem4 (.data)
                  2000ec3c    00000001     drivers_cc32xx.a : PWM.oem4 (.data)

.bss       0    2000ec40    0000019c     UNINITIALIZED
                  2000ec40    0000012c     (.common:PowerCC32XX_contextSave)
                  2000ed6c    00000048     (.common:pwmTimerCC32XXObjects)
                  2000edb4    00000004     nortos_cc32xx.a : ClockPSysTick_nortos.oem4 (.bss)
                  2000edb8    00000010     (.common:ClockP_ctrl)
                  2000edc8    0000000d                     : SwiP_nortos.oem4 (.bss)
                  2000edd5    00000003     --HOLE--
                  2000edd8    00000004     drivers_cc32xx.a : TimerCC32XX.oem4 (.bss:timerState)

.log_data 
*          0    90000000    00000000     COPY SECTION

__llvm_prf_cnts 
*          0    20004000    00000000     UNINITIALIZED

MODULE SUMMARY

       Module                       code   ro data   rw data
       ------                       ----   -------   -------
    .\
       pwmled2.obj                  276    0         0      
       main_nortos.obj              18     0         0      
    +--+----------------------------+------+---------+---------+
       Total:                       294    0         0      
                                                            
    .\syscfg\
       ti_drivers_config.obj        18     103       320    
    +--+----------------------------+------+---------+---------+
       Total:                       18     103       320    
                                                            
    D:/ccs/utils/simplelink_cc32xx_sdk_5_20_00_06/kernel/nortos/lib/ccs/m4/nortos_cc32xx.a
       startup_cc32xx_ccs.oem4      90     64        780    
       ClockPSysTick_nortos.oem4    786    0         25     
       PowerCC32XX_nortos.oem4      472    0         0      
       SemaphoreP_nortos.oem4       260    0         11     
       SwiP_nortos.oem4             96     0         13     
       HwiPCC32XX_nortos.oem4       48     0         8      
    +--+----------------------------+------+---------+---------+
       Total:                       1752   64        837    
                                                            
    D:/ccs/utils/simplelink_cc32xx_sdk_5_20_00_06/source/ti/devices/cc32xx/driverlib/ccs/Release/driverlib.a
       prcm.obj                     1604   168       0      
       pin.obj                      280    256       0      
       interrupt.obj                334    48        0      
       flash.obj                    72     0         0      
       cpu.obj                      20     0         0      
       utils.obj                    6      0         0      
    +--+----------------------------+------+---------+---------+
       Total:                       2316   472       0      
                                                            
    D:/ccs/utils/simplelink_cc32xx_sdk_5_20_00_06/source/ti/drivers/lib/ccs/m4/drivers_cc32xx.a
       PowerCC32XX.oem4             2280   0         664    
       PWMTimerCC32XX.oem4          1732   108       0      
       PWM.oem4                     172    24        1      
       TimerCC32XX.oem4             184    0         4      
       PowerCC32XX_asm.oem4         150    0         0      
       List.oem4                    76     0         0      
    +--+----------------------------+------+---------+---------+
       Total:                       4594   132       669    
                                                            
    D:\ccs\tools\compiler\ti-cgt-arm_20.2.5.LTS\lib\rtsv7M4_T_le_eabi.lib
       fd_mul_t2.asm.obj            252    0         0      
       memcpy_t2.asm.obj            156    0         0      
       ull_div_t2.asm.obj           150    0         0      
       copy_decompress_lzss.c.obj   104    0         0      
       autoinit.c.obj               68     0         0      
       fd_tou_t2.asm.obj            68     0         0      
       boot_cortex_m.c.obj          36     0         0      
       u_tofd_t2.asm.obj            32     0         0      
       copy_zero_init.c.obj         28     0         0      
       ll_mul_t2.asm.obj            24     0         0      
       copy_decompress_none.c.obj   14     0         0      
       exit.c.obj                   4      0         0      
       pre_init.c.obj               4      0         0      
       div0.asm.obj                 2      0         0      
    +--+----------------------------+------+---------+---------+
       Total:                       942    0         0      
                                                            
       Heap:                        0      0         32768  
       Stack:                       0      0         4096   
       Linker Generated:            0      212       0      
    +--+----------------------------+------+---------+---------+
       Grand Total:                 9916   983       38690  


LINKER GENERATED COPY TABLES

__TI_cinit_table @ 2000eea8 records: 2, size/record: 8, table size: 16
	.data: load addr=2000ede0, load size=000000b0 bytes, run addr=2000e9c0, run size=0000027d bytes, compression=lzss
	.bss: load addr=2000eea0, load size=00000008 bytes, run addr=2000ec40, run size=0000019c bytes, compression=zero_init


LINKER GENERATED HANDLER TABLE

__TI_handler_table @ 2000ee90 records: 3, size/record: 4, table size: 12
	index: 0, handler: __TI_decompress_lzss
	index: 1, handler: __TI_decompress_none
	index: 2, handler: __TI_zero_init


GLOBAL SYMBOLS: SORTED ALPHABETICALLY BY Name 

address   name                             
-------   ----                             
2000e5f9  Board_init                       
2000d363  Board_initHook                   
2000e6ed  C$$EXIT                          
2000e9bc  CONFIG_PWM_0_CONST               
2000e9bd  CONFIG_PWM_1_CONST               
2000e585  CPUcpsid                         
2000e609  ClockP_add                       
2000edb8  ClockP_ctrl                      
2000e04d  ClockP_destruct                  
2000da69  ClockP_doTick                    
2000e619  ClockP_getCpuFreq                
2000e629  ClockP_getSystemTicks            
2000e219  ClockP_getTicksUntilInterrupt    
2000e6b1  ClockP_isActive                  
2000e639  ClockP_setTicks                  
2000e31d  ClockP_start                     
2000e24d  ClockP_startup                   
2000ddf1  ClockP_stop                      
2000da69  ClockP_sysTickHandler            
2000ec34  ClockP_tickPeriod                
2000dc89  ClockP_usleep                    
2000dcd1  FlashDisable                     
2000e679  HwiP_disable                     
2000e687  HwiP_enable                      
2000ec2c  HwiP_key                         
2000e6e5  HwiP_post                        
2000e649  HwiP_restore                     
2000ec30  HwiP_swiPIntNum                  
UNDEFED   ITM_flush                        
UNDEFED   ITM_restore                      
2000cf05  IntEnable                        
2000e6bb  IntMasterDisable                 
2000d3f5  IntPendSet                       
2000e599  IntVTableBaseSet                 
2000e3cd  List_put                         
2000e3f3  List_remove                      
2000e687  NoRTOS_start                     
2000c041  PRCMCC3200MCUInit                
2000e559  PRCMHIBRegRead                   
2000e56f  PRCMHIBRegWrite                  
2000dd19  PRCMLPDSEnter                    
2000e139  PRCMLPDSEnterKeepDebugIf         
2000de35  PRCMLPDSRestoreInfoSet           
2000e37d  PRCMPeripheralClkDisable         
2000dd61  PRCMPeripheralClkEnable          
2000d965  PRCMPeripheralReset              
2000d849  PRCMSysResetCauseGet             
2000d47d  PWMTimerCC32XX_close             
2000e6d9  PWMTimerCC32XX_control           
2000e8e8  PWMTimerCC32XX_fxnTable          
2000da67  PWMTimerCC32XX_init              
2000cbd9  PWMTimerCC32XX_open              
2000ce4d  PWMTimerCC32XX_setDuty           
2000c751  PWMTimerCC32XX_setDutyAndPeriod  
2000d235  PWMTimerCC32XX_setPeriod         
2000d715  PWMTimerCC32XX_start             
2000ccc9  PWMTimerCC32XX_stop              
2000e5ad  PWM_Params_init                  
2000e92c  PWM_config                       
2000e9be  PWM_count                        
2000e944  PWM_defaultParams                
2000de79  PWM_init                         
2000dfcd  PWM_open                         
2000e6c5  PWM_setDuty                      
2000e6cf  PWM_start                        
2000d505  PinConfigSet                     
2000e281  PinModeGet                       
2000e00d  PinModeSet                       
2000e4a1  PinToPadGet                      
2000e8a4  PowerCC32XX_config               
2000cfad  PowerCC32XX_configureWakeup      
2000ec40  PowerCC32XX_contextSave          
2000debd  PowerCC32XX_enterLPDS            
2000e50f  PowerCC32XX_initPolicy           
2000e9c0  PowerCC32XX_module               
2000db59  PowerCC32XX_parkPin              
2000e34d  PowerCC32XX_restoreParkedPin     
2000da15  PowerCC32XX_resumeLPDS           
2000d7e5  PowerCC32XX_setParkState         
2000c46d  PowerCC32XX_sleepPolicy          
2000e659  Power_enablePolicy               
2000e6a5  Power_getConstraintMask          
2000e5c1  Power_getDependencyCount         
2000e511  Power_getTransitionLatency       
2000e529  Power_idleFunc                   
2000d58d  Power_init                       
2000e3a5  Power_registerNotify             
2000dda9  Power_releaseConstraint          
2000d9bd  Power_releaseDependency          
2000e089  Power_setConstraint              
2000d695  Power_setDependency              
2000c891  Power_sleep                      
2000e461  Power_unregisterNotify           
2000e669  SemaphoreP_Params_init           
2000dab9  SemaphoreP_construct             
2000ec24  SemaphoreP_defaultParams         
2000e6a3  SemaphoreP_destruct              
2000d0f9  SemaphoreP_pend                  
2000e4bd  SwiP_disable                     
2000df01  SwiP_restore                     
2000db09  TimerCC32XX_allocateTimerResource
2000e2b5  TimerCC32XX_freeTimerResource    
2000e6df  UtilsDelay                       
20004000  __STACK_END                      
00001000  __STACK_SIZE                     
00008000  __SYSMEM_SIZE                    
2000eea8  __TI_CINIT_Base                  
2000eeb8  __TI_CINIT_Limit                 
2000ee90  __TI_Handler_Table_Base          
2000ee9c  __TI_Handler_Table_Limit         
2000df45  __TI_auto_init_nobinit_nopinit   
2000d77d  __TI_decompress_lzss             
2000e695  __TI_decompress_none             
ffffffff  __TI_pprof_out_hndl              
ffffffff  __TI_prof_data_size              
ffffffff  __TI_prof_data_start             
2000ede0  __TI_static_base__               
2000e4d9  __TI_zero_init_nomemset          
2000df89  __aeabi_d2uiz                    
2000cadd  __aeabi_dmul                     
2000e6fb  __aeabi_idiv0                    
2000e6fb  __aeabi_ldiv0                    
2000e541  __aeabi_lmul                     
2000d199  __aeabi_memcpy                   
2000d199  __aeabi_memcpy4                  
2000d199  __aeabi_memcpy8                  
2000e481  __aeabi_ui2d                     
2000d2cd  __aeabi_uldivmod                 
ffffffff  __binit__                        
ffffffff  __c_args__                       
UNDEFED   __mpu_init                       
20003000  __stack                          
20004000  __start___llvm_prf_cnts          
20004000  __stop___llvm_prf_cnts           
2000e419  _c_int00_noargs                  
20004040  _sys_memory                      
UNDEFED   _system_post_cinit               
2000e6e9  _system_pre_init                 
2000e6ed  abort                            
ffffffff  binit                            
2000e6f3  clkFxn                           
2000e1a9  initVectors                      
2000e5d5  main                             
2000c9c9  mainThread                       
2000d199  memcpy                           
2000eb2c  parkInfo                         
2000e9ac  pwmTimerCC32XXHWAttrs            
2000ed6c  pwmTimerCC32XXObjects            
2000e4f5  resetISR                         
2000e508  resetVectorAddr                  
20004000  resetVectors                     
2000dc89  usleep                           


GLOBAL SYMBOLS: SORTED BY Symbol Address 

address   name                             
-------   ----                             
00001000  __STACK_SIZE                     
00008000  __SYSMEM_SIZE                    
20003000  __stack                          
20004000  __STACK_END                      
20004000  __start___llvm_prf_cnts          
20004000  __stop___llvm_prf_cnts           
20004000  resetVectors                     
20004040  _sys_memory                      
2000c041  PRCMCC3200MCUInit                
2000c46d  PowerCC32XX_sleepPolicy          
2000c751  PWMTimerCC32XX_setDutyAndPeriod  
2000c891  Power_sleep                      
2000c9c9  mainThread                       
2000cadd  __aeabi_dmul                     
2000cbd9  PWMTimerCC32XX_open              
2000ccc9  PWMTimerCC32XX_stop              
2000ce4d  PWMTimerCC32XX_setDuty           
2000cf05  IntEnable                        
2000cfad  PowerCC32XX_configureWakeup      
2000d0f9  SemaphoreP_pend                  
2000d199  __aeabi_memcpy                   
2000d199  __aeabi_memcpy4                  
2000d199  __aeabi_memcpy8                  
2000d199  memcpy                           
2000d235  PWMTimerCC32XX_setPeriod         
2000d2cd  __aeabi_uldivmod                 
2000d363  Board_initHook                   
2000d3f5  IntPendSet                       
2000d47d  PWMTimerCC32XX_close             
2000d505  PinConfigSet                     
2000d58d  Power_init                       
2000d695  Power_setDependency              
2000d715  PWMTimerCC32XX_start             
2000d77d  __TI_decompress_lzss             
2000d7e5  PowerCC32XX_setParkState         
2000d849  PRCMSysResetCauseGet             
2000d965  PRCMPeripheralReset              
2000d9bd  Power_releaseDependency          
2000da15  PowerCC32XX_resumeLPDS           
2000da67  PWMTimerCC32XX_init              
2000da69  ClockP_doTick                    
2000da69  ClockP_sysTickHandler            
2000dab9  SemaphoreP_construct             
2000db09  TimerCC32XX_allocateTimerResource
2000db59  PowerCC32XX_parkPin              
2000dc89  ClockP_usleep                    
2000dc89  usleep                           
2000dcd1  FlashDisable                     
2000dd19  PRCMLPDSEnter                    
2000dd61  PRCMPeripheralClkEnable          
2000dda9  Power_releaseConstraint          
2000ddf1  ClockP_stop                      
2000de35  PRCMLPDSRestoreInfoSet           
2000de79  PWM_init                         
2000debd  PowerCC32XX_enterLPDS            
2000df01  SwiP_restore                     
2000df45  __TI_auto_init_nobinit_nopinit   
2000df89  __aeabi_d2uiz                    
2000dfcd  PWM_open                         
2000e00d  PinModeSet                       
2000e04d  ClockP_destruct                  
2000e089  Power_setConstraint              
2000e139  PRCMLPDSEnterKeepDebugIf         
2000e1a9  initVectors                      
2000e219  ClockP_getTicksUntilInterrupt    
2000e24d  ClockP_startup                   
2000e281  PinModeGet                       
2000e2b5  TimerCC32XX_freeTimerResource    
2000e31d  ClockP_start                     
2000e34d  PowerCC32XX_restoreParkedPin     
2000e37d  PRCMPeripheralClkDisable         
2000e3a5  Power_registerNotify             
2000e3cd  List_put                         
2000e3f3  List_remove                      
2000e419  _c_int00_noargs                  
2000e461  Power_unregisterNotify           
2000e481  __aeabi_ui2d                     
2000e4a1  PinToPadGet                      
2000e4bd  SwiP_disable                     
2000e4d9  __TI_zero_init_nomemset          
2000e4f5  resetISR                         
2000e508  resetVectorAddr                  
2000e50f  PowerCC32XX_initPolicy           
2000e511  Power_getTransitionLatency       
2000e529  Power_idleFunc                   
2000e541  __aeabi_lmul                     
2000e559  PRCMHIBRegRead                   
2000e56f  PRCMHIBRegWrite                  
2000e585  CPUcpsid                         
2000e599  IntVTableBaseSet                 
2000e5ad  PWM_Params_init                  
2000e5c1  Power_getDependencyCount         
2000e5d5  main                             
2000e5f9  Board_init                       
2000e609  ClockP_add                       
2000e619  ClockP_getCpuFreq                
2000e629  ClockP_getSystemTicks            
2000e639  ClockP_setTicks                  
2000e649  HwiP_restore                     
2000e659  Power_enablePolicy               
2000e669  SemaphoreP_Params_init           
2000e679  HwiP_disable                     
2000e687  HwiP_enable                      
2000e687  NoRTOS_start                     
2000e695  __TI_decompress_none             
2000e6a3  SemaphoreP_destruct              
2000e6a5  Power_getConstraintMask          
2000e6b1  ClockP_isActive                  
2000e6bb  IntMasterDisable                 
2000e6c5  PWM_setDuty                      
2000e6cf  PWM_start                        
2000e6d9  PWMTimerCC32XX_control           
2000e6df  UtilsDelay                       
2000e6e5  HwiP_post                        
2000e6e9  _system_pre_init                 
2000e6ed  C$$EXIT                          
2000e6ed  abort                            
2000e6f3  clkFxn                           
2000e6fb  __aeabi_idiv0                    
2000e6fb  __aeabi_ldiv0                    
2000e8a4  PowerCC32XX_config               
2000e8e8  PWMTimerCC32XX_fxnTable          
2000e92c  PWM_config                       
2000e944  PWM_defaultParams                
2000e9ac  pwmTimerCC32XXHWAttrs            
2000e9bc  CONFIG_PWM_0_CONST               
2000e9bd  CONFIG_PWM_1_CONST               
2000e9be  PWM_count                        
2000e9c0  PowerCC32XX_module               
2000eb2c  parkInfo                         
2000ec24  SemaphoreP_defaultParams         
2000ec2c  HwiP_key                         
2000ec30  HwiP_swiPIntNum                  
2000ec34  ClockP_tickPeriod                
2000ec40  PowerCC32XX_contextSave          
2000ed6c  pwmTimerCC32XXObjects            
2000edb8  ClockP_ctrl                      
2000ede0  __TI_static_base__               
2000ee90  __TI_Handler_Table_Base          
2000ee9c  __TI_Handler_Table_Limit         
2000eea8  __TI_CINIT_Base                  
2000eeb8  __TI_CINIT_Limit                 
ffffffff  __TI_pprof_out_hndl              
ffffffff  __TI_prof_data_size              
ffffffff  __TI_prof_data_start             
ffffffff  __binit__                        
ffffffff  __c_args__                       
ffffffff  binit                            
UNDEFED   ITM_flush                        
UNDEFED   ITM_restore                      
UNDEFED   __mpu_init                       
UNDEFED   _system_post_cinit               

[152 symbols]
